Component: ARM Compiler 5.05 update 2 (build 169) Tool: armlink [4d0f33]

==============================================================================

Section Cross References

    main.o(.text) refers to stm32f4xx_hal_rcc.o(.text) for HAL_RCC_OscConfig
    main.o(.text) refers to rt_cmsis.o(i.osKernelInitialize) for osKernelInitialize
    main.o(.text) refers to stm32f4xx_hal.o(.text) for HAL_Init
    main.o(.text) refers to gpio_init.o(.text) for initGPIOs
    main.o(.text) refers to thread_temperature.o(.text) for initializeADC_IO
    main.o(.text) refers to accel_init.o(.text) for initAccelerometers
    main.o(.text) refers to malloc.o(i.malloc) for malloc
    main.o(.text) refers to timer.o(.text) for initTimer
    main.o(.text) refers to thread_angles.o(.text) for start_Thread_angles
    main.o(.text) refers to rt_cmsis.o(i.osKernelStart) for osKernelStart
    main.o(.text) refers to rt_cmsis.o(i.osSignalSet) for osSignalSet
    main.o(.text) refers to rt_time.o(.data) for os_time
    main.o(.text) refers to main.o(.data) for timHandleTypeDef
    main.o(.text) refers to thread_angles.o(.data) for tid_Thread_angles
    main.o(.text) refers to thread_temperature.o(.data) for tid_Thread_temperature
    supporting_functions.o(.text) refers to printfb.o(i.__0printf$bare) for __2printf
    accel_init.o(.text) refers to lis3dsh.o(.text) for LIS3DSH_Init
    accel_init.o(.text) refers to stm32f4xx_hal_cortex.o(.text) for HAL_NVIC_SetPriority
    gpio_init.o(.text) refers to stm32f4xx_hal_gpio.o(.text) for HAL_GPIO_Init
    sevenseg.o(.text) refers to stm32f4xx_hal_gpio.o(.text) for HAL_GPIO_WritePin
    sevenseg.o(.text) refers to util.o(.text) for convertFloatToChars
    sevenseg.o(.text) refers to printfb.o(i.__0printf$bare) for __2printf
    sevenseg.o(.text) refers to sevenseg.o(.data) for digit_index
    thread_keypad.o(.text) refers to rt_cmsis.o(i.osThreadCreate) for osThreadCreate
    thread_keypad.o(.text) refers to keypad.o(.text) for getKeypadChar
    thread_keypad.o(.text) refers to rt_cmsis.o(i.osDelay) for osDelay
    thread_keypad.o(.text) refers to thread_keypad.o(.constdata) for os_thread_def_Thread_keypad
    thread_keypad.o(.text) refers to thread_keypad.o(.data) for tid_Thread_keypad
    thread_keypad.o(.constdata) refers to thread_keypad.o(.text) for Thread_keypad
    thread_sevenseg.o(.text) refers to rt_cmsis.o(i.osThreadCreate) for osThreadCreate
    thread_sevenseg.o(.text) refers to sevenseg.o(.text) for displayOn7Seg
    thread_sevenseg.o(.text) refers to rt_cmsis.o(i.osDelay) for osDelay
    thread_sevenseg.o(.text) refers to thread_sevenseg.o(.constdata) for os_thread_def_Thread_sevenseg
    thread_sevenseg.o(.text) refers to thread_sevenseg.o(.data) for tid_Thread_sevenseg
    thread_sevenseg.o(.text) refers to thread_keypad.o(.data) for currentMode
    thread_sevenseg.o(.text) refers to thread_temperature.o(.data) for filtered_temperature
    thread_sevenseg.o(.text) refers to thread_angles.o(.data) for pitch
    thread_sevenseg.o(.constdata) refers to thread_sevenseg.o(.text) for Thread_sevenseg
    thread_temperature.o(.text) refers to rt_cmsis.o(i.osThreadCreate) for osThreadCreate
    thread_temperature.o(.text) refers to rt_cmsis.o(i.osMutexCreate) for osMutexCreate
    thread_temperature.o(.text) refers to rt_cmsis.o(i.osSignalWait) for osSignalWait
    thread_temperature.o(.text) refers to stm32f4xx_hal_adc.o(.text) for HAL_ADC_Start
    thread_temperature.o(.text) refers to kalmanfilter_c.o(.text) for kalmanfilter_c
    thread_temperature.o(.text) refers to rt_cmsis.o(i.osMutexWait) for osMutexWait
    thread_temperature.o(.text) refers to rt_cmsis.o(i.osMutexRelease) for osMutexRelease
    thread_temperature.o(.text) refers to rt_cmsis.o(i.osSignalClear) for osSignalClear
    thread_temperature.o(.text) refers to memcpya.o(.text) for __aeabi_memcpy4
    thread_temperature.o(.text) refers to thread_temperature.o(.constdata) for os_thread_def_Thread_temperature
    thread_temperature.o(.text) refers to thread_temperature.o(.data) for tid_Thread_temperature
    thread_temperature.o(.text) refers to main.o(.data) for temp_mutex
    thread_temperature.o(.text) refers to thread_temperature.o(.bss) for ADC1_Handle
    thread_temperature.o(.constdata) refers to thread_temperature.o(.text) for Thread_temperature
    thread_temperature.o(.constdata) refers to thread_temperature.o(.bss) for os_mutex_cb_temp_mutex
    timer.o(.text) refers to memcpya.o(.text) for __aeabi_memcpy4
    timer.o(.text) refers to stm32f4xx_hal_tim.o(.text) for HAL_TIM_Base_Init
    timer.o(.text) refers to stm32f4xx_hal_cortex.o(.text) for HAL_NVIC_SetPriority
    util.o(.text) refers to atof.o(i.__hardfp_atof) for __hardfp_atof
    util.o(.text) refers to d2f.o(.text) for __aeabi_d2f
    keypad.o(.text) refers to stm32f4xx_hal_gpio.o(.text) for HAL_GPIO_ReadPin
    stm32f4xx_it.o(.text) refers to stm32f4xx_hal_gpio.o(.text) for HAL_GPIO_EXTI_IRQHandler
[...]
    .data                                    0x200000c4   Section        8  rt_system.o(.data)
    os_lock                                  0x200000c4   Data           1  rt_system.o(.data)
    os_psh_flag                              0x200000c5   Data           1  rt_system.o(.data)
    pend_flags                               0x200000c6   Data           1  rt_system.o(.data)
    .data                                    0x200000cc   Section        1  hal_cm.o(.data)
    .data                                    0x200000d0   Section        8  rt_robin.o(.data)
    .data                                    0x200000d8   Section        4  stdout.o(.data)
    .data                                    0x200000dc   Section        4  mvars.o(.data)
    .data                                    0x200000e0   Section        4  mvars.o(.data)
    .data                                    0x200000e4   Section        4  errno.o(.data)
    _errno                                   0x200000e4   Data           4  errno.o(.data)
    .bss                                     0x200000e8   Section      236  thread_temperature.o(.bss)
    .bss                                     0x200001d4   Section       32  thread_angles.o(.bss)
    .bss                                     0x200001f4   Section       88  lis3dsh.o(.bss)
    .bss                                     0x20000250   Section     5088  rtx_conf_cm.o(.bss)
    .bss                                     0x20001630   Section       52  rt_task.o(.bss)
    .bss                                     0x20001664   Section       48  rt_list.o(.bss)
    HEAP                                     0x20001698   Section      512  startup_stm32f407xx.o(HEAP)
    STACK                                    0x20001898   Section     1024  startup_stm32f407xx.o(STACK)

    Global Symbols

    Symbol Name                              Value     Ov Type        Size  Object(Section)

    BuildAttributes$$THM_ISAv4$E$P$D$K$B$S$7EM$VFPi3$EXTD16$VFPS$VFMA$PE$A:L22UL41UL21$X:L11$S22US41US21$IEEE1$IW$USESV6$~STKCKD$USESV7$~SHL$OTIME$ROPI$IEEEX$EBA8$MICROLIB$REQ8$PRES8$EABIv2 0x00000000   Number         0  anon$$obj.o ABSOLUTE
    __ARM_use_no_argv                        0x00000000   Number         0  main.o ABSOLUTE
    __cpp_initialize__aeabi_                  - Undefined Weak Reference
    __cxa_finalize                            - Undefined Weak Reference
    __decompress                              - Undefined Weak Reference
    _clock_init                               - Undefined Weak Reference
    _microlib_exit                            - Undefined Weak Reference
    __Vectors_Size                           0x00000188   Number         0  startup_stm32f407xx.o ABSOLUTE
    __RL_RTX_VER                             0x00000480   Number         0  rt_system.o ABSOLUTE
    __Vectors                                0x08000000   Data           4  startup_stm32f407xx.o(RESET)
    __Vectors_End                            0x08000188   Data           0  startup_stm32f407xx.o(RESET)
    __main                                   0x08000189   Thumb Code     0  entry.o(.ARM.Collect$$$$00000000)
    _main_stk                                0x08000189   Thumb Code     0  entry2.o(.ARM.Collect$$$$00000001)
    _main_scatterload                        0x0800018d   Thumb Code     0  entry5.o(.ARM.Collect$$$$00000004)
    __main_after_scatterload                 0x08000191   Thumb Code     0  entry5.o(.ARM.Collect$$$$00000004)
    __rt_final_cpp                           0x08000191   Thumb Code     0  entry10a.o(.ARM.Collect$$$$0000000D)
    __rt_final_exit                          0x08000191   Thumb Code     0  entry11a.o(.ARM.Collect$$$$0000000F)
    _main_clock                              0x08000191   Thumb Code     0  entry7b.o(.ARM.Collect$$$$00000008)
    _main_cpp_init                           0x08000191   Thumb Code     0  entry8b.o(.ARM.Collect$$$$0000000A)
    _main_init                               0x08000191   Thumb Code    18  rtx_conf_cm.o(.ARM.Collect$$$$000000FF)
    rt_set_PSP                               0x080001ad   Thumb Code     6  hal_cm4.o(.emb_text)
    rt_get_PSP                               0x080001b3   Thumb Code     6  hal_cm4.o(.emb_text)
    os_set_env                               0x080001b9   Thumb Code    24  hal_cm4.o(.emb_text)
    _alloc_box                               0x080001d5   Thumb Code    28  hal_cm4.o(.emb_text)
    _free_box                                0x080001f5   Thumb Code    28  hal_cm4.o(.emb_text)
    SVC_Handler                              0x08000215   Thumb Code   168  hal_cm4.o(.emb_text)
    PendSV_Handler                           0x080002cd   Thumb Code    96  hal_cm4.o(.emb_text)
    SysTick_Handler                          0x08000331   Thumb Code     8  hal_cm4.o(.emb_text)
    OS_Tick_Handler                          0x08000339   Thumb Code    12  hal_cm4.o(.emb_text)
    HAL_GetTick                              0x08000345   Thumb Code     6  main.o(.text)
    SystemClock_Config                       0x0800034b   Thumb Code   142  main.o(.text)
    main                                     0x080003d9   Thumb Code    60  main.o(.text)
    HAL_GPIO_EXTI_Callback                   0x08000415   Thumb Code    16  main.o(.text)
    HAL_TIM_PeriodElapsedCallback            0x08000425   Thumb Code    16  main.o(.text)
    initAccelerometers                       0x0800044d   Thumb Code    84  accel_init.o(.text)
    initGPIOs                                0x080004a1   Thumb Code   278  gpio_init.o(.text)
    kalmanfilter_c                           0x080005d5   Thumb Code    98  kalmanfilter_c.o(.text)
    start_Thread_temperature                 0x08000639   Thumb Code    30  thread_temperature.o(.text)
    Thread_temperature                       0x08000657   Thumb Code   162  thread_temperature.o(.text)
    initializeADC_IO                         0x080006f9   Thumb Code   154  thread_temperature.o(.text)
    initTimer                                0x080007e9   Thumb Code   104  timer.o(.text)
    NMI_Handler                              0x08000859   Thumb Code     2  stm32f4xx_it.o(.text)
    HardFault_Handler                        0x0800085b   Thumb Code     4  stm32f4xx_it.o(.text)
    MemManage_Handler                        0x0800085f   Thumb Code     4  stm32f4xx_it.o(.text)
    BusFault_Handler                         0x08000863   Thumb Code     4  stm32f4xx_it.o(.text)
    UsageFault_Handler                       0x08000867   Thumb Code     4  stm32f4xx_it.o(.text)
    DebugMon_Handler                         0x0800086b   Thumb Code     2  stm32f4xx_it.o(.text)
    EXTI0_IRQHandler                         0x0800086d   Thumb Code    10  stm32f4xx_it.o(.text)
    TIM3_IRQHandler                          0x08000877   Thumb Code    12  stm32f4xx_it.o(.text)
    start_Thread_angles                      0x08000889   Thumb Code    30  thread_angles.o(.text)
    Thread_angles                            0x080008a7   Thumb Code   704  thread_angles.o(.text)
    SPI_ReceiveData                          0x08000bc5   Thumb Code    10  lis3dsh.o(.text)
    LIS3DSH_TIMEOUT_UserCallback             0x08000bcf   Thumb Code     4  lis3dsh.o(.text)
    SPI_SendData                             0x08000bd3   Thumb Code     6  lis3dsh.o(.text)
    LIS3DSH_Write                            0x08000c45   Thumb Code    62  lis3dsh.o(.text)
    LIS3DSH_Init                             0x08000c83   Thumb Code   170  lis3dsh.o(.text)
    LIS3DSH_Read                             0x08000d2d   Thumb Code    70  lis3dsh.o(.text)
    LIS3DSH_DataReadyInterruptConfig         0x08000d73   Thumb Code    42  lis3dsh.o(.text)
    LIS3DSH_LowpowerCmd                      0x08000d9d   Thumb Code    40  lis3dsh.o(.text)
    LIS3DSH_DataRateCmd                      0x08000dc5   Thumb Code    44  lis3dsh.o(.text)
    LIS3DSH_FullScaleCmd                     0x08000df1   Thumb Code    44  lis3dsh.o(.text)
    LIS3DSH_ReadACC                          0x08000e1d   Thumb Code   628  lis3dsh.o(.text)
    HAL_SPI_MspInit                          0x08001091   Thumb Code   218  lis3dsh.o(.text)
    os_idle_demon                            0x08001185   Thumb Code     4  rtx_conf_cm.o(.text)
    os_error                                 0x08001189   Thumb Code    34  rtx_conf_cm.o(.text)
    HAL_MspInit                              0x080011ad   Thumb Code    10  stm32f4xx_hal.o(.text)
    HAL_InitTick                             0x080011b7   Thumb Code    36  stm32f4xx_hal.o(.text)
    HAL_Init                                 0x080011db   Thumb Code    54  stm32f4xx_hal.o(.text)
    HAL_MspDeInit                            0x08001211   Thumb Code    10  stm32f4xx_hal.o(.text)
    HAL_DeInit                               0x0800121b   Thumb Code    64  stm32f4xx_hal.o(.text)
    HAL_IncTick                              0x0800125b   Thumb Code    12  stm32f4xx_hal.o(.text)
    HAL_Delay                                0x0800126d   Thumb Code    26  stm32f4xx_hal.o(.text)
    HAL_SuspendTick                          0x08001287   Thumb Code    18  stm32f4xx_hal.o(.text)
    HAL_ResumeTick                           0x08001299   Thumb Code    18  stm32f4xx_hal.o(.text)
    HAL_GetHalVersion                        0x080012ab   Thumb Code     4  stm32f4xx_hal.o(.text)
    HAL_GetREVID                             0x080012af   Thumb Code     8  stm32f4xx_hal.o(.text)
    HAL_GetDEVID                             0x080012b7   Thumb Code    10  stm32f4xx_hal.o(.text)
    HAL_DBGMCU_EnableDBGSleepMode            0x080012c1   Thumb Code    14  stm32f4xx_hal.o(.text)
    HAL_DBGMCU_DisableDBGSleepMode           0x080012cf   Thumb Code    14  stm32f4xx_hal.o(.text)
    HAL_DBGMCU_EnableDBGStopMode             0x080012dd   Thumb Code    14  stm32f4xx_hal.o(.text)
    HAL_DBGMCU_DisableDBGStopMode            0x080012eb   Thumb Code    14  stm32f4xx_hal.o(.text)
    HAL_DBGMCU_EnableDBGStandbyMode          0x080012f9   Thumb Code    14  stm32f4xx_hal.o(.text)
    HAL_DBGMCU_DisableDBGStandbyMode         0x08001307   Thumb Code    14  stm32f4xx_hal.o(.text)
    HAL_EnableCompensationCell               0x08001315   Thumb Code    22  stm32f4xx_hal.o(.text)
    HAL_DisableCompensationCell              0x0800132b   Thumb Code    24  stm32f4xx_hal.o(.text)
    HAL_ADC_MspInit                          0x080014c7   Thumb Code     2  stm32f4xx_hal_adc.o(.text)
    HAL_ADC_Init                             0x080014c9   Thumb Code    74  stm32f4xx_hal_adc.o(.text)
    HAL_ADC_MspDeInit                        0x08001513   Thumb Code     2  stm32f4xx_hal_adc.o(.text)
    HAL_ADC_DeInit                           0x08001515   Thumb Code    34  stm32f4xx_hal_adc.o(.text)
    HAL_ADC_Start                            0x08001537   Thumb Code   182  stm32f4xx_hal_adc.o(.text)
    HAL_ADC_Stop                             0x080015ed   Thumb Code    24  stm32f4xx_hal_adc.o(.text)
    HAL_ADC_PollForConversion                0x08001605   Thumb Code   130  stm32f4xx_hal_adc.o(.text)
    HAL_ADC_PollForEvent                     0x08001687   Thumb Code   104  stm32f4xx_hal_adc.o(.text)
    HAL_ADC_Start_IT                         0x080016ef   Thumb Code   232  stm32f4xx_hal_adc.o(.text)
    HAL_ADC_Stop_IT                          0x080017d7   Thumb Code    48  stm32f4xx_hal_adc.o(.text)
    HAL_ADC_ErrorCallback                    0x08001807   Thumb Code     2  stm32f4xx_hal_adc.o(.text)
    HAL_ADC_LevelOutOfWindowCallback         0x08001809   Thumb Code     2  stm32f4xx_hal_adc.o(.text)
    HAL_ADC_ConvCpltCallback                 0x0800180b   Thumb Code     2  stm32f4xx_hal_adc.o(.text)
    HAL_ADC_IRQHandler                       0x0800180d   Thumb Code   348  stm32f4xx_hal_adc.o(.text)
    HAL_ADC_ConvHalfCpltCallback             0x08001985   Thumb Code     2  stm32f4xx_hal_adc.o(.text)
    HAL_ADC_Start_DMA                        0x080019b9   Thumb Code   186  stm32f4xx_hal_adc.o(.text)
    HAL_ADC_Stop_DMA                         0x08001a73   Thumb Code    56  stm32f4xx_hal_adc.o(.text)
    HAL_ADC_GetValue                         0x08001aab   Thumb Code     8  stm32f4xx_hal_adc.o(.text)
    HAL_ADC_ConfigChannel                    0x08001ab3   Thumb Code   416  stm32f4xx_hal_adc.o(.text)
    HAL_ADC_AnalogWDGConfig                  0x08001c53   Thumb Code   132  stm32f4xx_hal_adc.o(.text)
    HAL_ADC_GetState                         0x08001cd7   Thumb Code     8  stm32f4xx_hal_adc.o(.text)
    HAL_ADC_GetError                         0x08001cdf   Thumb Code     6  stm32f4xx_hal_adc.o(.text)
    HAL_ADCEx_InjectedStart                  0x08001cf9   Thumb Code   230  stm32f4xx_hal_adc_ex.o(.text)
    HAL_ADCEx_InjectedStart_IT               0x08001ddf   Thumb Code   258  stm32f4xx_hal_adc_ex.o(.text)
    HAL_ADCEx_InjectedStop                   0x08001ee1   Thumb Code    24  stm32f4xx_hal_adc_ex.o(.text)
    HAL_ADCEx_InjectedPollForConversion      0x08001ef9   Thumb Code    90  stm32f4xx_hal_adc_ex.o(.text)
    HAL_ADCEx_InjectedStop_IT                0x08001f53   Thumb Code    48  stm32f4xx_hal_adc_ex.o(.text)
    HAL_ADCEx_InjectedGetValue               0x08001f83   Thumb Code    70  stm32f4xx_hal_adc_ex.o(.text)
    HAL_ADCEx_MultiModeStart_DMA             0x08002017   Thumb Code   206  stm32f4xx_hal_adc_ex.o(.text)
    HAL_ADCEx_MultiModeStop_DMA              0x080020e5   Thumb Code   116  stm32f4xx_hal_adc_ex.o(.text)
    HAL_ADCEx_MultiModeGetValue              0x08002159   Thumb Code     8  stm32f4xx_hal_adc_ex.o(.text)
    HAL_ADCEx_InjectedConvCpltCallback       0x08002161   Thumb Code     2  stm32f4xx_hal_adc_ex.o(.text)
    HAL_ADCEx_InjectedConfigChannel          0x08002163   Thumb Code   552  stm32f4xx_hal_adc_ex.o(.text)
    HAL_ADCEx_MultiModeConfigChannel         0x0800238b   Thumb Code   130  stm32f4xx_hal_adc_ex.o(.text)
    HAL_NVIC_SetPriorityGrouping             0x08002439   Thumb Code    36  stm32f4xx_hal_cortex.o(.text)
    HAL_NVIC_SetPriority                     0x0800245d   Thumb Code   124  stm32f4xx_hal_cortex.o(.text)
    HAL_NVIC_EnableIRQ                       0x080024d9   Thumb Code    26  stm32f4xx_hal_cortex.o(.text)
    HAL_NVIC_DisableIRQ                      0x080024f3   Thumb Code    22  stm32f4xx_hal_cortex.o(.text)
    HAL_NVIC_SystemReset                     0x08002509   Thumb Code    64  stm32f4xx_hal_cortex.o(.text)
    HAL_SYSTICK_Config                       0x08002549   Thumb Code    52  stm32f4xx_hal_cortex.o(.text)
    HAL_MPU_ConfigRegion                     0x0800257d   Thumb Code    90  stm32f4xx_hal_cortex.o(.text)
    HAL_NVIC_GetPriorityGrouping             0x080025d7   Thumb Code     8  stm32f4xx_hal_cortex.o(.text)
    HAL_NVIC_GetPriority                     0x080025df   Thumb Code   138  stm32f4xx_hal_cortex.o(.text)
    HAL_NVIC_SetPendingIRQ                   0x08002669   Thumb Code    24  stm32f4xx_hal_cortex.o(.text)
    HAL_NVIC_GetPendingIRQ                   0x08002681   Thumb Code    38  stm32f4xx_hal_cortex.o(.text)
    HAL_NVIC_ClearPendingIRQ                 0x080026a7   Thumb Code    22  stm32f4xx_hal_cortex.o(.text)
    HAL_NVIC_GetActive                       0x080026bd   Thumb Code    38  stm32f4xx_hal_cortex.o(.text)
    HAL_SYSTICK_CLKSourceConfig              0x080026e3   Thumb Code    40  stm32f4xx_hal_cortex.o(.text)
    HAL_SYSTICK_Callback                     0x0800270b   Thumb Code    10  stm32f4xx_hal_cortex.o(.text)
    HAL_SYSTICK_IRQHandler                   0x08002715   Thumb Code     8  stm32f4xx_hal_cortex.o(.text)
    HAL_DMA_Init                             0x0800276b   Thumb Code   128  stm32f4xx_hal_dma.o(.text)
    HAL_DMA_DeInit                           0x080027eb   Thumb Code   100  stm32f4xx_hal_dma.o(.text)
    HAL_DMA_Start                            0x0800287b   Thumb Code    82  stm32f4xx_hal_dma.o(.text)
    HAL_DMA_Start_IT                         0x080028cd   Thumb Code   106  stm32f4xx_hal_dma.o(.text)
    HAL_DMA_Abort                            0x08002937   Thumb Code    94  stm32f4xx_hal_dma.o(.text)
    HAL_DMA_PollForTransfer                  0x08002995   Thumb Code   412  stm32f4xx_hal_dma.o(.text)
    HAL_DMA_IRQHandler                       0x08002b31   Thumb Code   530  stm32f4xx_hal_dma.o(.text)
    HAL_DMA_GetState                         0x08002d43   Thumb Code     8  stm32f4xx_hal_dma.o(.text)
    HAL_DMA_GetError                         0x08002d4b   Thumb Code     6  stm32f4xx_hal_dma.o(.text)
    HAL_GPIO_Init                            0x08002d55   Thumb Code   476  stm32f4xx_hal_gpio.o(.text)
    HAL_GPIO_DeInit                          0x08002f31   Thumb Code   326  stm32f4xx_hal_gpio.o(.text)
    HAL_GPIO_ReadPin                         0x08003077   Thumb Code    16  stm32f4xx_hal_gpio.o(.text)
    HAL_GPIO_WritePin                        0x08003087   Thumb Code    12  stm32f4xx_hal_gpio.o(.text)
    HAL_GPIO_TogglePin                       0x08003093   Thumb Code     8  stm32f4xx_hal_gpio.o(.text)
    HAL_GPIO_LockPin                         0x0800309b   Thumb Code    46  stm32f4xx_hal_gpio.o(.text)
    HAL_GPIO_EXTI_IRQHandler                 0x080030d3   Thumb Code    28  stm32f4xx_hal_gpio.o(.text)
    HAL_RCC_OscConfig                        0x08003123   Thumb Code  1032  stm32f4xx_hal_rcc.o(.text)
    HAL_RCC_ClockConfig                      0x0800352b   Thumb Code   680  stm32f4xx_hal_rcc.o(.text)
    HAL_RCC_MCOConfig                        0x080037d3   Thumb Code   178  stm32f4xx_hal_rcc.o(.text)
    HAL_RCC_EnableCSS                        0x08003885   Thumb Code     8  stm32f4xx_hal_rcc.o(.text)
    HAL_RCC_DisableCSS                       0x0800388d   Thumb Code     8  stm32f4xx_hal_rcc.o(.text)
    HAL_RCC_GetSysClockFreq                  0x08003895   Thumb Code   198  stm32f4xx_hal_rcc.o(.text)
    HAL_RCC_GetHCLKFreq                      0x0800395b   Thumb Code    42  stm32f4xx_hal_rcc.o(.text)
    HAL_RCC_GetPCLK1Freq                     0x08003985   Thumb Code    36  stm32f4xx_hal_rcc.o(.text)
    HAL_RCC_GetPCLK2Freq                     0x080039a9   Thumb Code    36  stm32f4xx_hal_rcc.o(.text)
    HAL_RCC_GetOscConfig                     0x080039cd   Thumb Code   296  stm32f4xx_hal_rcc.o(.text)
    HAL_RCC_GetClockConfig                   0x08003af5   Thumb Code    58  stm32f4xx_hal_rcc.o(.text)
    HAL_RCC_CSSCallback                      0x08003b2f   Thumb Code    10  stm32f4xx_hal_rcc.o(.text)
    HAL_RCC_NMI_IRQHandler                   0x08003b39   Thumb Code    30  stm32f4xx_hal_rcc.o(.text)
    HAL_SPI_Init                             0x08003b6f   Thumb Code   136  stm32f4xx_hal_spi.o(.text)
    HAL_SPI_MspDeInit                        0x08003bf7   Thumb Code     2  stm32f4xx_hal_spi.o(.text)
    HAL_SPI_DeInit                           0x08003bf9   Thumb Code    48  stm32f4xx_hal_spi.o(.text)
    HAL_SPI_Transmit                         0x08003d3d   Thumb Code   450  stm32f4xx_hal_spi.o(.text)
    HAL_SPI_TransmitReceive                  0x08003eff   Thumb Code   850  stm32f4xx_hal_spi.o(.text)
    HAL_SPI_Receive                          0x08004251   Thumb Code   572  stm32f4xx_hal_spi.o(.text)
    HAL_SPI_ErrorCallback                    0x0800448d   Thumb Code     2  stm32f4xx_hal_spi.o(.text)
    HAL_SPI_TxCpltCallback                   0x0800448f   Thumb Code     2  stm32f4xx_hal_spi.o(.text)
    HAL_SPI_TxRxCpltCallback                 0x08004491   Thumb Code     2  stm32f4xx_hal_spi.o(.text)
    HAL_SPI_Transmit_IT                      0x08004581   Thumb Code   198  stm32f4xx_hal_spi.o(.text)
    HAL_SPI_RxCpltCallback                   0x08004647   Thumb Code     2  stm32f4xx_hal_spi.o(.text)
    HAL_SPI_TransmitReceive_IT               0x0800476f   Thumb Code   192  stm32f4xx_hal_spi.o(.text)
    HAL_SPI_Receive_IT                       0x08004881   Thumb Code   222  stm32f4xx_hal_spi.o(.text)
    HAL_SPI_TxHalfCpltCallback               0x08004a0f   Thumb Code     2  stm32f4xx_hal_spi.o(.text)
    HAL_SPI_Transmit_DMA                     0x08004a1f   Thumb Code   218  stm32f4xx_hal_spi.o(.text)
    HAL_SPI_RxHalfCpltCallback               0x08004c71   Thumb Code     2  stm32f4xx_hal_spi.o(.text)
    HAL_SPI_TxRxHalfCpltCallback             0x08004cb9   Thumb Code     2  stm32f4xx_hal_spi.o(.text)
    HAL_SPI_TransmitReceive_DMA              0x08004cc9   Thumb Code   324  stm32f4xx_hal_spi.o(.text)
    HAL_SPI_Receive_DMA                      0x08004e0d   Thumb Code   288  stm32f4xx_hal_spi.o(.text)
    HAL_SPI_DMAPause                         0x08004f2d   Thumb Code    62  stm32f4xx_hal_spi.o(.text)
    HAL_SPI_DMAResume                        0x08004f6b   Thumb Code    62  stm32f4xx_hal_spi.o(.text)
    HAL_SPI_DMAStop                          0x08004fa9   Thumb Code    58  stm32f4xx_hal_spi.o(.text)
    HAL_SPI_IRQHandler                       0x08004fe3   Thumb Code   262  stm32f4xx_hal_spi.o(.text)
    HAL_SPI_GetState                         0x080050e9   Thumb Code     8  stm32f4xx_hal_spi.o(.text)
    HAL_SPI_GetError                         0x080050f1   Thumb Code     6  stm32f4xx_hal_spi.o(.text)
    TIM_Base_SetConfig                       0x08005105   Thumb Code   184  stm32f4xx_hal_tim.o(.text)
    HAL_TIM_Base_MspInit                     0x080051bd   Thumb Code     2  stm32f4xx_hal_tim.o(.text)
    HAL_TIM_Base_Init                        0x080051bf   Thumb Code    52  stm32f4xx_hal_tim.o(.text)
    HAL_TIM_Base_MspDeInit                   0x080051f3   Thumb Code     2  stm32f4xx_hal_tim.o(.text)
    HAL_TIM_Base_DeInit                      0x080051f5   Thumb Code    70  stm32f4xx_hal_tim.o(.text)
    HAL_TIM_Base_Start                       0x0800523b   Thumb Code    30  stm32f4xx_hal_tim.o(.text)
    HAL_TIM_Base_Stop                        0x08005259   Thumb Code    56  stm32f4xx_hal_tim.o(.text)
    HAL_TIM_Base_Start_IT                    0x08005291   Thumb Code    30  stm32f4xx_hal_tim.o(.text)
    HAL_TIM_Base_Stop_IT                     0x080052af   Thumb Code    56  stm32f4xx_hal_tim.o(.text)
    HAL_TIM_ErrorCallback                    0x080052e7   Thumb Code     2  stm32f4xx_hal_tim.o(.text)
    TIM_DMAError                             0x080052e9   Thumb Code    20  stm32f4xx_hal_tim.o(.text)
    HAL_TIM_Base_Start_DMA                   0x08005313   Thumb Code    98  stm32f4xx_hal_tim.o(.text)
    HAL_TIM_Base_Stop_DMA                    0x08005375   Thumb Code    62  stm32f4xx_hal_tim.o(.text)
    HAL_TIM_OC_MspInit                       0x080053b3   Thumb Code     2  stm32f4xx_hal_tim.o(.text)
    HAL_TIM_OC_Init                          0x080053b5   Thumb Code    52  stm32f4xx_hal_tim.o(.text)
    HAL_TIM_OC_MspDeInit                     0x080053e9   Thumb Code     2  stm32f4xx_hal_tim.o(.text)
    HAL_TIM_OC_DeInit                        0x080053eb   Thumb Code    70  stm32f4xx_hal_tim.o(.text)
    TIM_CCxChannelCmd                        0x08005431   Thumb Code    28  stm32f4xx_hal_tim.o(.text)
    HAL_TIM_OC_Start                         0x0800544d   Thumb Code    68  stm32f4xx_hal_tim.o(.text)
    HAL_TIM_OC_Stop                          0x08005491   Thumb Code   170  stm32f4xx_hal_tim.o(.text)
    HAL_TIM_OC_Start_IT                      0x0800553b   Thumb Code   144  stm32f4xx_hal_tim.o(.text)
    HAL_TIM_OC_Stop_IT                       0x080055cb   Thumb Code   196  stm32f4xx_hal_tim.o(.text)
    HAL_TIM_PWM_PulseFinishedCallback        0x0800568f   Thumb Code     2  stm32f4xx_hal_tim.o(.text)
    TIM_DMADelayPulseCplt                    0x08005691   Thumb Code    70  stm32f4xx_hal_tim.o(.text)
    HAL_TIM_OC_Start_DMA                     0x080056d7   Thumb Code   312  stm32f4xx_hal_tim.o(.text)
    HAL_TIM_OC_Stop_DMA                      0x0800580f   Thumb Code   202  stm32f4xx_hal_tim.o(.text)
    HAL_TIM_PWM_MspInit                      0x080058d9   Thumb Code     2  stm32f4xx_hal_tim.o(.text)
    HAL_TIM_PWM_Init                         0x080058db   Thumb Code    52  stm32f4xx_hal_tim.o(.text)
    HAL_TIM_PWM_MspDeInit                    0x0800590f   Thumb Code     2  stm32f4xx_hal_tim.o(.text)
    HAL_TIM_PWM_DeInit                       0x08005911   Thumb Code    70  stm32f4xx_hal_tim.o(.text)
    HAL_TIM_PWM_Start                        0x08005957   Thumb Code    78  stm32f4xx_hal_tim.o(.text)
    HAL_TIM_PWM_Stop                         0x080059a5   Thumb Code   126  stm32f4xx_hal_tim.o(.text)
    HAL_TIM_PWM_Start_IT                     0x08005a23   Thumb Code   144  stm32f4xx_hal_tim.o(.text)
    HAL_TIM_PWM_Stop_IT                      0x08005ab3   Thumb Code   196  stm32f4xx_hal_tim.o(.text)
    HAL_TIM_PWM_Start_DMA                    0x08005b77   Thumb Code   312  stm32f4xx_hal_tim.o(.text)
    HAL_TIM_PWM_Stop_DMA                     0x08005caf   Thumb Code   202  stm32f4xx_hal_tim.o(.text)
    HAL_TIM_IC_MspInit                       0x08005d79   Thumb Code     2  stm32f4xx_hal_tim.o(.text)
    HAL_TIM_IC_Init                          0x08005d7b   Thumb Code    62  stm32f4xx_hal_tim.o(.text)
    HAL_TIM_IC_MspDeInit                     0x08005db9   Thumb Code     2  stm32f4xx_hal_tim.o(.text)
    HAL_TIM_IC_DeInit                        0x08005dbb   Thumb Code    70  stm32f4xx_hal_tim.o(.text)
    HAL_TIM_IC_Start                         0x08005e01   Thumb Code    32  stm32f4xx_hal_tim.o(.text)
    HAL_TIM_IC_Stop                          0x08005e21   Thumb Code    58  stm32f4xx_hal_tim.o(.text)
    HAL_TIM_IC_Start_IT                      0x08005e5b   Thumb Code   108  stm32f4xx_hal_tim.o(.text)
    HAL_TIM_IC_Stop_IT                       0x08005ec7   Thumb Code   134  stm32f4xx_hal_tim.o(.text)
    HAL_TIM_IC_CaptureCallback               0x08005f4d   Thumb Code     2  stm32f4xx_hal_tim.o(.text)
    TIM_DMACaptureCplt                       0x08005f4f   Thumb Code    70  stm32f4xx_hal_tim.o(.text)
    HAL_TIM_IC_Start_DMA                     0x08005f95   Thumb Code   276  stm32f4xx_hal_tim.o(.text)
    HAL_TIM_IC_Stop_DMA                      0x080060a9   Thumb Code   140  stm32f4xx_hal_tim.o(.text)
    HAL_TIM_OnePulse_MspInit                 0x08006135   Thumb Code     2  stm32f4xx_hal_tim.o(.text)
    HAL_TIM_OnePulse_Init                    0x08006137   Thumb Code    76  stm32f4xx_hal_tim.o(.text)
    HAL_TIM_OnePulse_MspDeInit               0x08006183   Thumb Code     2  stm32f4xx_hal_tim.o(.text)
    HAL_TIM_OnePulse_DeInit                  0x08006185   Thumb Code    70  stm32f4xx_hal_tim.o(.text)
    HAL_TIM_OnePulse_Start                   0x080061cb   Thumb Code    66  stm32f4xx_hal_tim.o(.text)
    HAL_TIM_OnePulse_Stop                    0x0800620d   Thumb Code   130  stm32f4xx_hal_tim.o(.text)
    HAL_TIM_OnePulse_Start_IT                0x0800628f   Thumb Code    90  stm32f4xx_hal_tim.o(.text)
    HAL_TIM_OnePulse_Stop_IT                 0x080062e9   Thumb Code   154  stm32f4xx_hal_tim.o(.text)
    HAL_TIM_Encoder_MspInit                  0x08006383   Thumb Code     2  stm32f4xx_hal_tim.o(.text)
    HAL_TIM_Encoder_Init                     0x08006385   Thumb Code   180  stm32f4xx_hal_tim.o(.text)
    HAL_TIM_Encoder_MspDeInit                0x08006439   Thumb Code     2  stm32f4xx_hal_tim.o(.text)
    HAL_TIM_Encoder_DeInit                   0x0800643b   Thumb Code    70  stm32f4xx_hal_tim.o(.text)
    HAL_TIM_Encoder_Start                    0x08006481   Thumb Code    78  stm32f4xx_hal_tim.o(.text)
    HAL_TIM_Encoder_Stop                     0x080064cf   Thumb Code   104  stm32f4xx_hal_tim.o(.text)
    HAL_TIM_Encoder_Start_IT                 0x08006537   Thumb Code   126  stm32f4xx_hal_tim.o(.text)
    HAL_TIM_Encoder_Stop_IT                  0x080065b5   Thumb Code   160  stm32f4xx_hal_tim.o(.text)
    HAL_TIM_Encoder_Start_DMA                0x08006655   Thumb Code   328  stm32f4xx_hal_tim.o(.text)
    HAL_TIM_Encoder_Stop_DMA                 0x0800679d   Thumb Code   152  stm32f4xx_hal_tim.o(.text)
    HAL_TIM_TriggerCallback                  0x08006835   Thumb Code     2  stm32f4xx_hal_tim.o(.text)
    HAL_TIM_OC_DelayElapsedCallback          0x08006837   Thumb Code     2  stm32f4xx_hal_tim.o(.text)
    HAL_TIM_IRQHandler                       0x08006839   Thumb Code   406  stm32f4xx_hal_tim.o(.text)
    TIM_OC2_SetConfig                        0x08006aa1   Thumb Code   112  stm32f4xx_hal_tim.o(.text)
    HAL_TIM_OC_ConfigChannel                 0x08006b77   Thumb Code   116  stm32f4xx_hal_tim.o(.text)
    TIM_TI1_SetConfig                        0x08006ca5   Thumb Code   122  stm32f4xx_hal_tim.o(.text)
    HAL_TIM_IC_ConfigChannel                 0x08006d1f   Thumb Code   224  stm32f4xx_hal_tim.o(.text)
    HAL_TIM_PWM_ConfigChannel                0x08006dff   Thumb Code   294  stm32f4xx_hal_tim.o(.text)
    HAL_TIM_OnePulse_ConfigChannel           0x08006f25   Thumb Code   286  stm32f4xx_hal_tim.o(.text)
    HAL_TIM_DMABurst_WriteStart              0x08007057   Thumb Code   366  stm32f4xx_hal_tim.o(.text)
    HAL_TIM_DMABurst_WriteStop               0x080071c5   Thumb Code   128  stm32f4xx_hal_tim.o(.text)
    HAL_TIM_DMABurst_ReadStart               0x08007245   Thumb Code   366  stm32f4xx_hal_tim.o(.text)
    HAL_TIM_DMABurst_ReadStop                0x080073b3   Thumb Code   128  stm32f4xx_hal_tim.o(.text)
    HAL_TIM_GenerateEvent                    0x08007433   Thumb Code    54  stm32f4xx_hal_tim.o(.text)
    HAL_TIM_ConfigOCrefClear                 0x08007481   Thumb Code   252  stm32f4xx_hal_tim.o(.text)
    HAL_TIM_ConfigClockSource                0x080075e7   Thumb Code   306  stm32f4xx_hal_tim.o(.text)
    HAL_TIM_ConfigTI1Input                   0x08007719   Thumb Code    24  stm32f4xx_hal_tim.o(.text)
    HAL_TIM_SlaveConfigSynchronization       0x080077d5   Thumb Code    86  stm32f4xx_hal_tim.o(.text)
    HAL_TIM_SlaveConfigSynchronization_IT    0x0800782b   Thumb Code    86  stm32f4xx_hal_tim.o(.text)
    HAL_TIM_ReadCapturedValue                0x08007881   Thumb Code    84  stm32f4xx_hal_tim.o(.text)
    HAL_TIM_Base_GetState                    0x080078d5   Thumb Code     8  stm32f4xx_hal_tim.o(.text)
    HAL_TIM_OC_GetState                      0x080078dd   Thumb Code     8  stm32f4xx_hal_tim.o(.text)
    HAL_TIM_PWM_GetState                     0x080078e5   Thumb Code     8  stm32f4xx_hal_tim.o(.text)
    HAL_TIM_IC_GetState                      0x080078ed   Thumb Code     8  stm32f4xx_hal_tim.o(.text)
    HAL_TIM_OnePulse_GetState                0x080078f5   Thumb Code     8  stm32f4xx_hal_tim.o(.text)
    HAL_TIM_Encoder_GetState                 0x080078fd   Thumb Code     8  stm32f4xx_hal_tim.o(.text)
    HAL_TIMEx_HallSensor_MspInit             0x08007905   Thumb Code     2  stm32f4xx_hal_tim_ex.o(.text)
    HAL_TIMEx_HallSensor_Init                0x08007907   Thumb Code   196  stm32f4xx_hal_tim_ex.o(.text)
    HAL_TIMEx_HallSensor_MspDeInit           0x080079cb   Thumb Code     2  stm32f4xx_hal_tim_ex.o(.text)
    HAL_TIMEx_HallSensor_DeInit              0x080079cd   Thumb Code    70  stm32f4xx_hal_tim_ex.o(.text)
    HAL_TIMEx_HallSensor_Start               0x08007a13   Thumb Code    30  stm32f4xx_hal_tim_ex.o(.text)
    HAL_TIMEx_HallSensor_Stop                0x08007a31   Thumb Code    56  stm32f4xx_hal_tim_ex.o(.text)
    HAL_TIMEx_HallSensor_Start_IT            0x08007a69   Thumb Code    42  stm32f4xx_hal_tim_ex.o(.text)
    HAL_TIMEx_HallSensor_Stop_IT             0x08007a93   Thumb Code    68  stm32f4xx_hal_tim_ex.o(.text)
    HAL_TIMEx_HallSensor_Start_DMA           0x08007ad7   Thumb Code   106  stm32f4xx_hal_tim_ex.o(.text)
    HAL_TIMEx_HallSensor_Stop_DMA            0x08007b41   Thumb Code    68  stm32f4xx_hal_tim_ex.o(.text)
    HAL_TIMEx_OCN_Start                      0x08007ba1   Thumb Code    44  stm32f4xx_hal_tim_ex.o(.text)
    HAL_TIMEx_OCN_Stop                       0x08007bcd   Thumb Code    96  stm32f4xx_hal_tim_ex.o(.text)
    HAL_TIMEx_OCN_Start_IT                   0x08007c2d   Thumb Code   132  stm32f4xx_hal_tim_ex.o(.text)
    HAL_TIMEx_OCN_Stop_IT                    0x08007cb1   Thumb Code   196  stm32f4xx_hal_tim_ex.o(.text)
    HAL_TIMEx_OCN_Start_DMA                  0x08007d75   Thumb Code   272  stm32f4xx_hal_tim_ex.o(.text)
    HAL_TIMEx_OCN_Stop_DMA                   0x08007e85   Thumb Code   192  stm32f4xx_hal_tim_ex.o(.text)
    HAL_TIMEx_PWMN_Start                     0x08007f45   Thumb Code    44  stm32f4xx_hal_tim_ex.o(.text)
    HAL_TIMEx_PWMN_Stop                      0x08007f71   Thumb Code    96  stm32f4xx_hal_tim_ex.o(.text)
    HAL_TIMEx_PWMN_Start_IT                  0x08007fd1   Thumb Code   132  stm32f4xx_hal_tim_ex.o(.text)
    HAL_TIMEx_PWMN_Stop_IT                   0x08008055   Thumb Code   196  stm32f4xx_hal_tim_ex.o(.text)
    HAL_TIMEx_PWMN_Start_DMA                 0x08008119   Thumb Code   272  stm32f4xx_hal_tim_ex.o(.text)
    HAL_TIMEx_PWMN_Stop_DMA                  0x08008229   Thumb Code   178  stm32f4xx_hal_tim_ex.o(.text)
    HAL_TIMEx_OnePulseN_Start                0x080082db   Thumb Code    32  stm32f4xx_hal_tim_ex.o(.text)
    HAL_TIMEx_OnePulseN_Stop                 0x080082fb   Thumb Code    96  stm32f4xx_hal_tim_ex.o(.text)
    HAL_TIMEx_OnePulseN_Start_IT             0x0800835b   Thumb Code    56  stm32f4xx_hal_tim_ex.o(.text)
    HAL_TIMEx_OnePulseN_Stop_IT              0x08008393   Thumb Code   120  stm32f4xx_hal_tim_ex.o(.text)
    HAL_TIMEx_ConfigCommutationEvent         0x0800840b   Thumb Code   110  stm32f4xx_hal_tim_ex.o(.text)
    HAL_TIMEx_ConfigCommutationEvent_IT      0x08008479   Thumb Code   122  stm32f4xx_hal_tim_ex.o(.text)
    HAL_TIMEx_CommutationCallback            0x080084f3   Thumb Code     2  stm32f4xx_hal_tim_ex.o(.text)
    TIMEx_DMACommutationCplt                 0x080084f5   Thumb Code    20  stm32f4xx_hal_tim_ex.o(.text)
    HAL_TIMEx_ConfigCommutationEvent_DMA     0x08008509   Thumb Code   146  stm32f4xx_hal_tim_ex.o(.text)
    HAL_TIMEx_MasterConfigSynchronization    0x0800859b   Thumb Code    98  stm32f4xx_hal_tim_ex.o(.text)
    HAL_TIMEx_ConfigBreakDeadTime            0x080085fd   Thumb Code    80  stm32f4xx_hal_tim_ex.o(.text)
    HAL_TIMEx_RemapConfig                    0x0800864d   Thumb Code    48  stm32f4xx_hal_tim_ex.o(.text)
    HAL_TIMEx_BreakCallback                  0x0800867d   Thumb Code     2  stm32f4xx_hal_tim_ex.o(.text)
    HAL_TIMEx_HallSensor_GetState            0x0800867f   Thumb Code     8  stm32f4xx_hal_tim_ex.o(.text)
    Reset_Handler                            0x0800868d   Thumb Code     8  startup_stm32f407xx.o(.text)
    ADC_IRQHandler                           0x080086a7   Thumb Code     0  startup_stm32f407xx.o(.text)
    CAN1_RX0_IRQHandler                      0x080086a7   Thumb Code     0  startup_stm32f407xx.o(.text)
    CAN1_RX1_IRQHandler                      0x080086a7   Thumb Code     0  startup_stm32f407xx.o(.text)
    CAN1_SCE_IRQHandler                      0x080086a7   Thumb Code     0  startup_stm32f407xx.o(.text)
    CAN1_TX_IRQHandler                       0x080086a7   Thumb Code     0  startup_stm32f407xx.o(.text)
    CAN2_RX0_IRQHandler                      0x080086a7   Thumb Code     0  startup_stm32f407xx.o(.text)
    CAN2_RX1_IRQHandler                      0x080086a7   Thumb Code     0  startup_stm32f407xx.o(.text)
    CAN2_SCE_IRQHandler                      0x080086a7   Thumb Code     0  startup_stm32f407xx.o(.text)
    CAN2_TX_IRQHandler                       0x080086a7   Thumb Code     0  startup_stm32f407xx.o(.text)
    DCMI_IRQHandler                          0x080086a7   Thumb Code     0  startup_stm32f407xx.o(.text)
    DMA1_Stream0_IRQHandler                  0x080086a7   Thumb Code     0  startup_stm32f407xx.o(.text)
    DMA1_Stream1_IRQHandler                  0x080086a7   Thumb Code     0  startup_stm32f407xx.o(.text)
    DMA1_Stream2_IRQHandler                  0x080086a7   Thumb Code     0  startup_stm32f407xx.o(.text)
    DMA1_Stream3_IRQHandler                  0x080086a7   Thumb Code     0  startup_stm32f407xx.o(.text)
    DMA1_Stream4_IRQHandler                  0x080086a7   Thumb Code     0  startup_stm32f407xx.o(.text)
    DMA1_Stream5_IRQHandler                  0x080086a7   Thumb Code     0  startup_stm32f407xx.o(.text)
    DMA1_Stream6_IRQHandler                  0x080086a7   Thumb Code     0  startup_stm32f407xx.o(.text)
    DMA1_Stream7_IRQHandler                  0x080086a7   Thumb Code     0  startup_stm32f407xx.o(.text)
    DMA2_Stream0_IRQHandler                  0x080086a7   Thumb Code     0  startup_stm32f407xx.o(.text)
    DMA2_Stream1_IRQHandler                  0x080086a7   Thumb Code     0  startup_stm32f407xx.o(.text)
    DMA2_Stream2_IRQHandler                  0x080086a7   Thumb Code     0  startup_stm32f407xx.o(.text)
    DMA2_Stream3_IRQHandler                  0x080086a7   Thumb Code     0  startup_stm32f407xx.o(.text)
    DMA2_Stream4_IRQHandler                  0x080086a7   Thumb Code     0  startup_stm32f407xx.o(.text)
    DMA2_Stream5_IRQHandler                  0x080086a7   Thumb Code     0  startup_stm32f407xx.o(.text)
    DMA2_Stream6_IRQHandler                  0x080086a7   Thumb Code     0  startup_stm32f407xx.o(.text)
    DMA2_Stream7_IRQHandler                  0x080086a7   Thumb Code     0  startup_stm32f407xx.o(.text)
    ETH_IRQHandler                           0x080086a7   Thumb Code     0  startup_stm32f407xx.o(.text)
    ETH_WKUP_IRQHandler                      0x080086a7   Thumb Code     0  startup_stm32f407xx.o(.text)
    EXTI15_10_IRQHandler                     0x080086a7   Thumb Code     0  startup_stm32f407xx.o(.text)
    EXTI1_IRQHandler                         0x080086a7   Thumb Code     0  startup_stm32f407xx.o(.text)
    EXTI2_IRQHandler                         0x080086a7   Thumb Code     0  startup_stm32f407xx.o(.text)
    EXTI3_IRQHandler                         0x080086a7   Thumb Code     0  startup_stm32f407xx.o(.text)
    EXTI4_IRQHandler                         0x080086a7   Thumb Code     0  startup_stm32f407xx.o(.text)
    EXTI9_5_IRQHandler                       0x080086a7   Thumb Code     0  startup_stm32f407xx.o(.text)
    FLASH_IRQHandler                         0x080086a7   Thumb Code     0  startup_stm32f407xx.o(.text)
    FMC_IRQHandler                           0x080086a7   Thumb Code     0  startup_stm32f407xx.o(.text)
    FPU_IRQHandler                           0x080086a7   Thumb Code     0  startup_stm32f407xx.o(.text)
    HASH_RNG_IRQHandler                      0x080086a7   Thumb Code     0  startup_stm32f407xx.o(.text)
    I2C1_ER_IRQHandler                       0x080086a7   Thumb Code     0  startup_stm32f407xx.o(.text)
    I2C1_EV_IRQHandler                       0x080086a7   Thumb Code     0  startup_stm32f407xx.o(.text)
    I2C2_ER_IRQHandler                       0x080086a7   Thumb Code     0  startup_stm32f407xx.o(.text)
    I2C2_EV_IRQHandler                       0x080086a7   Thumb Code     0  startup_stm32f407xx.o(.text)
    I2C3_ER_IRQHandler                       0x080086a7   Thumb Code     0  startup_stm32f407xx.o(.text)
    I2C3_EV_IRQHandler                       0x080086a7   Thumb Code     0  startup_stm32f407xx.o(.text)
    OTG_FS_IRQHandler                        0x080086a7   Thumb Code     0  startup_stm32f407xx.o(.text)
    OTG_FS_WKUP_IRQHandler                   0x080086a7   Thumb Code     0  startup_stm32f407xx.o(.text)
    OTG_HS_EP1_IN_IRQHandler                 0x080086a7   Thumb Code     0  startup_stm32f407xx.o(.text)
    OTG_HS_EP1_OUT_IRQHandler                0x080086a7   Thumb Code     0  startup_stm32f407xx.o(.text)
    OTG_HS_IRQHandler                        0x080086a7   Thumb Code     0  startup_stm32f407xx.o(.text)
    OTG_HS_WKUP_IRQHandler                   0x080086a7   Thumb Code     0  startup_stm32f407xx.o(.text)
    PVD_IRQHandler                           0x080086a7   Thumb Code     0  startup_stm32f407xx.o(.text)
    RCC_IRQHandler                           0x080086a7   Thumb Code     0  startup_stm32f407xx.o(.text)
    RTC_Alarm_IRQHandler                     0x080086a7   Thumb Code     0  startup_stm32f407xx.o(.text)
    RTC_WKUP_IRQHandler                      0x080086a7   Thumb Code     0  startup_stm32f407xx.o(.text)
    SDIO_IRQHandler                          0x080086a7   Thumb Code     0  startup_stm32f407xx.o(.text)
    SPI1_IRQHandler                          0x080086a7   Thumb Code     0  startup_stm32f407xx.o(.text)
    SPI2_IRQHandler                          0x080086a7   Thumb Code     0  startup_stm32f407xx.o(.text)
    SPI3_IRQHandler                          0x080086a7   Thumb Code     0  startup_stm32f407xx.o(.text)
    TAMP_STAMP_IRQHandler                    0x080086a7   Thumb Code     0  startup_stm32f407xx.o(.text)
    TIM1_BRK_TIM9_IRQHandler                 0x080086a7   Thumb Code     0  startup_stm32f407xx.o(.text)
    TIM1_CC_IRQHandler                       0x080086a7   Thumb Code     0  startup_stm32f407xx.o(.text)
    TIM1_TRG_COM_TIM11_IRQHandler            0x080086a7   Thumb Code     0  startup_stm32f407xx.o(.text)
    TIM1_UP_TIM10_IRQHandler                 0x080086a7   Thumb Code     0  startup_stm32f407xx.o(.text)
    TIM2_IRQHandler                          0x080086a7   Thumb Code     0  startup_stm32f407xx.o(.text)
    TIM4_IRQHandler                          0x080086a7   Thumb Code     0  startup_stm32f407xx.o(.text)
    TIM5_IRQHandler                          0x080086a7   Thumb Code     0  startup_stm32f407xx.o(.text)
    TIM6_DAC_IRQHandler                      0x080086a7   Thumb Code     0  startup_stm32f407xx.o(.text)
    TIM7_IRQHandler                          0x080086a7   Thumb Code     0  startup_stm32f407xx.o(.text)
    TIM8_BRK_TIM12_IRQHandler                0x080086a7   Thumb Code     0  startup_stm32f407xx.o(.text)
    TIM8_CC_IRQHandler                       0x080086a7   Thumb Code     0  startup_stm32f407xx.o(.text)
    TIM8_TRG_COM_TIM14_IRQHandler            0x080086a7   Thumb Code     0  startup_stm32f407xx.o(.text)
    TIM8_UP_TIM13_IRQHandler                 0x080086a7   Thumb Code     0  startup_stm32f407xx.o(.text)
    UART4_IRQHandler                         0x080086a7   Thumb Code     0  startup_stm32f407xx.o(.text)
    UART5_IRQHandler                         0x080086a7   Thumb Code     0  startup_stm32f407xx.o(.text)
    USART1_IRQHandler                        0x080086a7   Thumb Code     0  startup_stm32f407xx.o(.text)
    USART2_IRQHandler                        0x080086a7   Thumb Code     0  startup_stm32f407xx.o(.text)
    USART3_IRQHandler                        0x080086a7   Thumb Code     0  startup_stm32f407xx.o(.text)
    USART6_IRQHandler                        0x080086a7   Thumb Code     0  startup_stm32f407xx.o(.text)
    WWDG_IRQHandler                          0x080086a7   Thumb Code     0  startup_stm32f407xx.o(.text)
    SystemInit                               0x080086b1   Thumb Code    82  system_stm32f4xx.o(.text)
    SystemCoreClockUpdate                    0x08008703   Thumb Code   174  system_stm32f4xx.o(.text)
    __aeabi_memcpy                           0x080087d1   Thumb Code    36  memcpya.o(.text)
    __aeabi_memcpy4                          0x080087d1   Thumb Code     0  memcpya.o(.text)
    __aeabi_memcpy8                          0x080087d1   Thumb Code     0  memcpya.o(.text)
    __aeabi_dadd                             0x080087f5   Thumb Code   322  dadd.o(.text)
    __aeabi_dsub                             0x08008937   Thumb Code     6  dadd.o(.text)
    __aeabi_drsub                            0x0800893d   Thumb Code     6  dadd.o(.text)
    __aeabi_dmul                             0x08008943   Thumb Code   228  dmul.o(.text)
    __aeabi_f2d                              0x08008a27   Thumb Code    38  f2d.o(.text)
    __aeabi_d2f                              0x08008a4d   Thumb Code    56  d2f.o(.text)
    __aeabi_llsl                             0x08008a85   Thumb Code    30  llshl.o(.text)
    _ll_shift_l                              0x08008a85   Thumb Code     0  llshl.o(.text)
    __aeabi_llsr                             0x08008aa3   Thumb Code    32  llushr.o(.text)
    _ll_ushift_r                             0x08008aa3   Thumb Code     0  llushr.o(.text)
    __aeabi_lasr                             0x08008ac3   Thumb Code    36  llsshr.o(.text)
    _ll_sshift_r                             0x08008ac3   Thumb Code     0  llsshr.o(.text)
    __I$use$fp                               0x08008ae7   Thumb Code     0  iusefp.o(.text)
    _float_round                             0x08008ae7   Thumb Code    18  fepilogue.o(.text)
    _float_epilogue                          0x08008af9   Thumb Code    92  fepilogue.o(.text)
    _double_round                            0x08008b55   Thumb Code    30  depilogue.o(.text)
    _double_epilogue                         0x08008b73   Thumb Code   156  depilogue.o(.text)
    __aeabi_ddiv                             0x08008c0f   Thumb Code   222  ddiv.o(.text)
    __ARM_scalbn                             0x08008ced   Thumb Code    46  dscalb.o(.text)
    scalbn                                   0x08008ced   Thumb Code     0  dscalb.o(.text)
    _dsqrt                                   0x08008d1b   Thumb Code   162  dsqrt.o(.text)
    __aeabi_i2d                              0x08008dbd   Thumb Code    34  dflti.o(.text)
    __aeabi_cdrcmple                         0x08008de1   Thumb Code    48  cdrcmple.o(.text)
    __scatterload                            0x08008e11   Thumb Code    28  init.o(.text)
    __scatterload_rt2                        0x08008e11   Thumb Code     0  init.o(.text)
    SVC_Count                                0x08008e34   Data           4  svc_table.o(SVC_TABLE)
    __I$use$semihosting$fputc                0x08008e35   Thumb Code     0  iusesemip.o(.text)
    __semihosting_library_function           0x08008e35   Thumb Code     0  semi.o(.text)
    SVC_Table                                0x08008e38   Data           0  svc_table.o(SVC_TABLE)
    __0printf$bare                           0x08008e39   Thumb Code     8  printfb.o(i.__0printf$bare)
    __1printf$bare                           0x08008e39   Thumb Code     0  printfb.o(i.__0printf$bare)
    __2printf                                0x08008e39   Thumb Code     0  printfb.o(i.__0printf$bare)
    __ARM_fpclassify                         0x08008e49   Thumb Code    48  fpclassify.o(i.__ARM_fpclassify)
    __hardfp_atan                            0x08008e79   Thumb Code   622  atan.o(i.__hardfp_atan)
    __hardfp_atan2                           0x08009151   Thumb Code   432  atan2.o(i.__hardfp_atan2)
    __hardfp_pow                             0x08009341   Thumb Code  3044  pow.o(i.__hardfp_pow)
    __hardfp_sqrt                            0x08009f79   Thumb Code   122  sqrt.o(i.__hardfp_sqrt)
    __kernel_poly                            0x08009ff3   Thumb Code   248  poly.o(i.__kernel_poly)
    __mathlib_dbl_divzero                    0x0800a0f1   Thumb Code    28  dunder.o(i.__mathlib_dbl_divzero)
    __mathlib_dbl_infnan                     0x0800a121   Thumb Code    20  dunder.o(i.__mathlib_dbl_infnan)
    __mathlib_dbl_infnan2                    0x0800a135   Thumb Code    20  dunder.o(i.__mathlib_dbl_infnan2)
    __mathlib_dbl_invalid                    0x0800a149   Thumb Code    24  dunder.o(i.__mathlib_dbl_invalid)
    __mathlib_dbl_overflow                   0x0800a169   Thumb Code    24  dunder.o(i.__mathlib_dbl_overflow)
    __mathlib_dbl_underflow                  0x0800a189   Thumb Code    24  dunder.o(i.__mathlib_dbl_underflow)
    __scatterload_copy                       0x0800a1a9   Thumb Code    14  handlers.o(i.__scatterload_copy)
    __scatterload_null                       0x0800a1b7   Thumb Code     2  handlers.o(i.__scatterload_null)
    __scatterload_zeroinit                   0x0800a1b9   Thumb Code    14  handlers.o(i.__scatterload_zeroinit)
    __set_errno                              0x0800a1c9   Thumb Code     6  errno.o(i.__set_errno)
    _init_box                                0x0800a1d5   Thumb Code    70  rt_membox.o(i._init_box)
    atan                                     0x0800a23d   Thumb Code    16  atan.o(i.atan)
    dbg_init                                 0x0800a24d   Thumb Code    34  hal_cm.o(i.dbg_init)
    dbg_task_notify                          0x0800a27d   Thumb Code    32  hal_cm.o(i.dbg_task_notify)
    dbg_task_switch                          0x0800a29d   Thumb Code    16  hal_cm.o(i.dbg_task_switch)
    fabs                                     0x0800a2ad   Thumb Code    24  fabs.o(i.fabs)
    fputc                                    0x0800a2c5   Thumb Code    18  fputc.o(i.fputc)
    isrMessageGet                            0x0800a2d7   Thumb Code    42  rt_cmsis.o(i.isrMessageGet)
    isrMessagePut                            0x0800a301   Thumb Code    44  rt_cmsis.o(i.isrMessagePut)
    isrSignalSet                             0x0800a32d   Thumb Code    36  rt_cmsis.o(i.isrSignalSet)
    isr_evt_set                              0x0800a351   Thumb Code    34  rt_event.o(i.isr_evt_set)
    isr_mbx_receive                          0x0800a379   Thumb Code    82  rt_mailbox.o(i.isr_mbx_receive)
    isr_mbx_send                             0x0800a3cb   Thumb Code    14  rt_mailbox.o(i.isr_mbx_send)
    malloc                                   0x0800a3d9   Thumb Code    92  malloc.o(i.malloc)
    osKernelInitialize                       0x0800a445   Thumb Code    30  rt_cmsis.o(i.osKernelInitialize)
    osKernelStart                            0x0800a469   Thumb Code    98  rt_cmsis.o(i.osKernelStart)
    osMessageGet                             0x0800a4d5   Thumb Code    18  rt_cmsis.o(i.osMessageGet)
    osMutexCreate                            0x0800a4ed   Thumb Code    38  rt_cmsis.o(i.osMutexCreate)
    osMutexRelease                           0x0800a51d   Thumb Code    18  rt_cmsis.o(i.osMutexRelease)
    osMutexWait                              0x0800a535   Thumb Code    18  rt_cmsis.o(i.osMutexWait)
    osSignalClear                            0x0800a54d   Thumb Code    20  rt_cmsis.o(i.osSignalClear)
    osSignalSet                              0x0800a565   Thumb Code    18  rt_cmsis.o(i.osSignalSet)
    osSignalWait                             0x0800a57d   Thumb Code    18  rt_cmsis.o(i.osSignalWait)
    osThreadCreate                           0x0800a595   Thumb Code    38  rt_cmsis.o(i.osThreadCreate)
    osThreadExit                             0x0800a5c5   Thumb Code    14  rt_cmsis.o(i.osThreadExit)
    osTimerCall                              0x0800a5dd   Thumb Code     8  rt_cmsis.o(i.osTimerCall)
    osTimerThread                            0x0800a5e9   Thumb Code    38  rt_cmsis.o(i.osTimerThread)
    os_tick_init                             0x0800a615   Thumb Code    32  rt_system.o(i.os_tick_init)
    os_tick_irqack                           0x0800a63d   Thumb Code     2  rt_system.o(i.os_tick_irqack)
    rt_alloc_box                             0x0800a63f   Thumb Code    26  rt_membox.o(i.rt_alloc_box)
    rt_alloc_mem                             0x0800a659   Thumb Code    62  rt_memory.o(i.rt_alloc_mem)
    rt_block                                 0x0800a699   Thumb Code    48  rt_task.o(i.rt_block)
    rt_chk_robin                             0x0800a6d1   Thumb Code    60  rt_robin.o(i.rt_chk_robin)
    rt_dec_dly                               0x0800a719   Thumb Code   102  rt_list.o(i.rt_dec_dly)
    rt_dispatch                              0x0800a789   Thumb Code    60  rt_task.o(i.rt_dispatch)
    rt_evt_clr                               0x0800a7cd   Thumb Code    22  rt_event.o(i.rt_evt_clr)
    rt_evt_psh                               0x0800a7e9   Thumb Code    76  rt_event.o(i.rt_evt_psh)
    rt_evt_set                               0x0800a839   Thumb Code    88  rt_event.o(i.rt_evt_set)
    rt_evt_wait                              0x0800a895   Thumb Code    56  rt_event.o(i.rt_evt_wait)
    rt_free_box                              0x0800a8d1   Thumb Code    44  rt_membox.o(i.rt_free_box)
    rt_free_mem                              0x0800a8fd   Thumb Code    40  rt_memory.o(i.rt_free_mem)
    rt_get_first                             0x0800a925   Thumb Code    40  rt_list.o(i.rt_get_first)
    rt_init_mem                              0x0800a99d   Thumb Code    26  rt_memory.o(i.rt_init_mem)
    rt_init_robin                            0x0800a9b9   Thumb Code    14  rt_robin.o(i.rt_init_robin)
    rt_init_stack                            0x0800a9d1   Thumb Code   118  hal_cm.o(i.rt_init_stack)
    rt_mbx_check                             0x0800aa51   Thumb Code     8  rt_mailbox.o(i.rt_mbx_check)
    rt_mbx_init                              0x0800aa59   Thumb Code    26  rt_mailbox.o(i.rt_mbx_init)
    rt_mbx_psh                               0x0800aa75   Thumb Code   236  rt_mailbox.o(i.rt_mbx_psh)
    rt_mbx_wait                              0x0800ab65   Thumb Code   174  rt_mailbox.o(i.rt_mbx_wait)
    rt_mut_init                              0x0800ac5d   Thumb Code    16  rt_mutex.o(i.rt_mut_init)
    rt_mut_release                           0x0800ac6d   Thumb Code   208  rt_mutex.o(i.rt_mut_release)
    rt_mut_wait                              0x0800ad45   Thumb Code   100  rt_mutex.o(i.rt_mut_wait)
    rt_pop_req                               0x0800adad   Thumb Code   112  rt_system.o(i.rt_pop_req)
    rt_psh_req                               0x0800ae29   Thumb Code    22  rt_system.o(i.rt_psh_req)
    rt_psq_enq                               0x0800ae49   Thumb Code    88  rt_list.o(i.rt_psq_enq)
    rt_put_dly                               0x0800aea5   Thumb Code    68  rt_list.o(i.rt_put_dly)
    rt_put_prio                              0x0800aeed   Thumb Code    54  rt_list.o(i.rt_put_prio)
    rt_put_rdy_first                         0x0800af25   Thumb Code    14  rt_list.o(i.rt_put_rdy_first)
    rt_resort_prio                           0x0800af39   Thumb Code    46  rt_list.o(i.rt_resort_prio)
    rt_ret_val                               0x0800af7d   Thumb Code    12  hal_cm.o(i.rt_ret_val)
    rt_ret_val2                              0x0800af89   Thumb Code    16  hal_cm.o(i.rt_ret_val2)
    rt_rmv_dly                               0x0800af99   Thumb Code    40  rt_list.o(i.rt_rmv_dly)
    rt_rmv_list                              0x0800afc1   Thumb Code    44  rt_list.o(i.rt_rmv_list)
    rt_sem_psh                               0x0800aff1   Thumb Code    48  rt_semaphore.o(i.rt_sem_psh)
    rt_stk_check                             0x0800b025   Thumb Code    28  rt_system.o(i.rt_stk_check)
    rt_switch_req                            0x0800b049   Thumb Code    30  rt_task.o(i.rt_switch_req)
    rt_sys_init                              0x0800b071   Thumb Code   138  rt_task.o(i.rt_sys_init)
    rt_sys_start                             0x0800b13d   Thumb Code   110  rt_task.o(i.rt_sys_start)
    rt_systick                               0x0800b1b5   Thumb Code    50  rt_system.o(i.rt_systick)
    rt_tsk_create                            0x0800b23d   Thumb Code   118  rt_task.o(i.rt_tsk_create)
    rt_tsk_delete                            0x0800b2c5   Thumb Code   352  rt_task.o(i.rt_tsk_delete)
    rt_tsk_prio                              0x0800b441   Thumb Code   108  rt_task.o(i.rt_tsk_prio)
    rt_tsk_self                              0x0800b4bd   Thumb Code    12  rt_task.o(i.rt_tsk_self)
    sqrt                                     0x0800b4cd   Thumb Code   110  sqrt.o(i.sqrt)
    svcKernelInitialize                      0x0800b53d   Thumb Code    80  rt_cmsis.o(i.svcKernelInitialize)
    svcKernelStart                           0x0800b5ad   Thumb Code    62  rt_cmsis.o(i.svcKernelStart)
    svcMessageCreate                         0x0800b5f5   Thumb Code    36  rt_cmsis.o(i.svcMessageCreate)
    svcMessageGet                            0x0800b619   Thumb Code    58  rt_cmsis.o(i.svcMessageGet)
    svcMutexCreate                           0x0800b653   Thumb Code    28  rt_cmsis.o(i.svcMutexCreate)
    svcMutexRelease                          0x0800b66f   Thumb Code    34  rt_cmsis.o(i.svcMutexRelease)
    svcMutexWait                             0x0800b691   Thumb Code    54  rt_cmsis.o(i.svcMutexWait)
    svcSignalClear                           0x0800b6c7   Thumb Code    36  rt_cmsis.o(i.svcSignalClear)
    svcSignalSet                             0x0800b6eb   Thumb Code    36  rt_cmsis.o(i.svcSignalSet)
    svcSignalWait                            0x0800b711   Thumb Code    80  rt_cmsis.o(i.svcSignalWait)
    svcThreadCreate                          0x0800b765   Thumb Code   100  rt_cmsis.o(i.svcThreadCreate)
    svcThreadGetId                           0x0800b7d5   Thumb Code    22  rt_cmsis.o(i.svcThreadGetId)
    svcThreadTerminate                       0x0800b7f1   Thumb Code    50  rt_cmsis.o(i.svcThreadTerminate)
    svcTimerCall                             0x0800b829   Thumb Code    24  rt_cmsis.o(i.svcTimerCall)
    sysTimerTick                             0x0800b841   Thumb Code    84  rt_cmsis.o(i.sysTimerTick)
    os_thread_def_Thread_temperature         0x0800b89c   Data          16  thread_temperature.o(.constdata)
    os_mutex_def_temp_mutex                  0x0800b8ac   Data           4  thread_temperature.o(.constdata)
    os_thread_def_Thread_angles              0x0800b8b0   Data          16  thread_angles.o(.constdata)
    os_mutex_def_pitch_mutex                 0x0800b8c0   Data           4  thread_angles.o(.constdata)
    os_mutex_def_roll_mutex                  0x0800b8c4   Data           4  thread_angles.o(.constdata)
    os_maxtaskrun                            0x0800b8c8   Data           2  rtx_conf_cm.o(.constdata)
    os_stackinfo                             0x0800b8cc   Data           4  rtx_conf_cm.o(.constdata)
    os_rrobin                                0x0800b8d0   Data           4  rtx_conf_cm.o(.constdata)
    os_tickfreq                              0x0800b8d4   Data           4  rtx_conf_cm.o(.constdata)
    os_tickus_i                              0x0800b8d8   Data           2  rtx_conf_cm.o(.constdata)
    os_tickus_f                              0x0800b8da   Data           2  rtx_conf_cm.o(.constdata)
    os_trv                                   0x0800b8dc   Data           4  rtx_conf_cm.o(.constdata)
    os_flags                                 0x0800b8e0   Data           1  rtx_conf_cm.o(.constdata)
    CMSIS_RTOS_API_Version                   0x0800b8e4   Data           4  rtx_conf_cm.o(.constdata)
    CMSIS_RTOS_RTX_Version                   0x0800b8e8   Data           4  rtx_conf_cm.o(.constdata)
    os_clockrate                             0x0800b8ec   Data           4  rtx_conf_cm.o(.constdata)
    os_timernum                              0x0800b8f0   Data           4  rtx_conf_cm.o(.constdata)
    mp_tcb_size                              0x0800b8f4   Data           2  rtx_conf_cm.o(.constdata)
    mp_stk_size                              0x0800b8f8   Data           4  rtx_conf_cm.o(.constdata)
    os_stack_sz                              0x0800b8fc   Data           4  rtx_conf_cm.o(.constdata)
    os_fifo_size                             0x0800b900   Data           1  rtx_conf_cm.o(.constdata)
    os_thread_def_osTimerThread              0x0800b904   Data          16  rtx_conf_cm.o(.constdata)
    os_messageQ_def_osTimerMessageQ          0x0800b914   Data           8  rtx_conf_cm.o(.constdata)
    mp_tmr_size                              0x0800b91c   Data           2  rtx_conf_cm.o(.constdata)
    APBAHBPrescTable                         0x0800b926   Data          16  stm32f4xx_hal_rcc.o(.constdata)
    AHBPrescTable                            0x0800b936   Data          16  system_stm32f4xx.o(.constdata)
    __mathlib_zero                           0x0800ba68   Data           8  qnan.o(.constdata)
    Region$$Table$$Base                      0x0800ba70   Number         0  anon$$obj.o(Region$$Table)
    Region$$Table$$Limit                     0x0800ba90   Number         0  anon$$obj.o(Region$$Table)
    timHandleTypeDef                         0x20000000   Data           4  main.o(.data)
    temp_mutex                               0x20000004   Data           4  main.o(.data)
    pitch_mutex                              0x20000008   Data           4  main.o(.data)
    roll_mutex                               0x2000000c   Data           4  main.o(.data)
    tid_Thread_temperature                   0x20000010   Data           4  thread_temperature.o(.data)
    ADC1_State                               0x20000014   Data           1  thread_temperature.o(.data)
    ADC1_Status                              0x20000015   Data           1  thread_temperature.o(.data)
    ADC1_Lock                                0x20000016   Data           1  thread_temperature.o(.data)
    ADC1_Data                                0x20000018   Data           4  thread_temperature.o(.data)
    ADC1_ErrorCode                           0x2000001c   Data           4  thread_temperature.o(.data)
    kstate                                   0x20000020   Data          20  thread_temperature.o(.data)
    filtered_voltage                         0x20000034   Data           4  thread_temperature.o(.data)
    filtered_temperature                     0x20000038   Data           4  thread_temperature.o(.data)
    tid_Thread_angles                        0x2000003c   Data           4  thread_angles.o(.data)
    pitch                                    0x20000040   Data           4  thread_angles.o(.data)
    roll                                     0x20000044   Data           4  thread_angles.o(.data)
    xacc_state                               0x20000048   Data          20  thread_angles.o(.data)
    yacc_state                               0x2000005c   Data          20  thread_angles.o(.data)
    zacc_state                               0x20000070   Data          20  thread_angles.o(.data)
    LIS3DSHTimeout                           0x20000084   Data           4  lis3dsh.o(.data)
    osThreadId_osTimerThread                 0x20000088   Data           4  rtx_conf_cm.o(.data)
    osMessageQId_osTimerMessageQ             0x2000008c   Data           4  rtx_conf_cm.o(.data)
    os_tmr                                   0x20000090   Data           4  rtx_conf_cm.o(.data)
    m_tmr                                    0x20000094   Data           4  rtx_conf_cm.o(.data)
    os_thread_def_main                       0x20000098   Data          16  rtx_conf_cm.o(.data)
    SystemCoreClock                          0x200000ac   Data           4  system_stm32f4xx.o(.data)
    os_initialized                           0x200000b0   Data           1  rt_cmsis.o(.data)
    os_running                               0x200000b1   Data           1  rt_cmsis.o(.data)
    os_timer_head                            0x200000b4   Data           4  rt_cmsis.o(.data)
    os_time                                  0x200000b8   Data           4  rt_time.o(.data)
    os_tsk                                   0x200000bc   Data           8  rt_task.o(.data)
    os_tick_irqn                             0x200000c8   Data           4  rt_system.o(.data)
    dbg_msg                                  0x200000cc   Data           1  hal_cm.o(.data)
    os_robin                                 0x200000d0   Data           8  rt_robin.o(.data)
    __stdout                                 0x200000d8   Data           4  stdout.o(.data)
    __microlib_freelist                      0x200000dc   Data           4  mvars.o(.data)
    __microlib_freelist_initialised          0x200000e0   Data           4  mvars.o(.data)
    ADC1_Handle                              0x200000e8   Data          68  thread_temperature.o(.bss)
    ADC1_InitType                            0x2000012c   Data          48  thread_temperature.o(.bss)
    ADC1_Channel                             0x2000015c   Data          16  thread_temperature.o(.bss)
    ADC1_DMA_Handle                          0x2000016c   Data          88  thread_temperature.o(.bss)
    os_mutex_cb_temp_mutex                   0x200001c4   Data          16  thread_temperature.o(.bss)
    os_mutex_cb_pitch_mutex                  0x200001d4   Data          16  thread_angles.o(.bss)
    os_mutex_cb_roll_mutex                   0x200001e4   Data          16  thread_angles.o(.bss)
    SpiHandle                                0x200001f4   Data          88  lis3dsh.o(.bss)
    mp_tcb                                   0x20000250   Data         376  rtx_conf_cm.o(.bss)
    mp_stk                                   0x200003c8   Data        1616  rtx_conf_cm.o(.bss)
    os_stack_mem                             0x20000a18   Data        2904  rtx_conf_cm.o(.bss)
    os_fifo                                  0x20001570   Data         132  rtx_conf_cm.o(.bss)
    os_active_TCB                            0x200015f4   Data          28  rtx_conf_cm.o(.bss)
    os_messageQ_q_osTimerMessageQ            0x20001610   Data          32  rtx_conf_cm.o(.bss)
    os_idle_TCB                              0x20001630   Data          52  rt_task.o(.bss)
    os_rdy                                   0x20001664   Data          24  rt_list.o(.bss)
    os_dly                                   0x2000167c   Data          24  rt_list.o(.bss)
    __heap_base                              0x20001698   Data           0  startup_stm32f407xx.o(HEAP)
    __heap_limit                             0x20001898   Data           0  startup_stm32f407xx.o(HEAP)
    __initial_sp                             0x20001c98   Data           0  startup_stm32f407xx.o(STACK)



==============================================================================

Memory Map of the image

  Image Entry point : 0x08000189

  Load Region LR_IROM1 (Base: 0x08000000, Size: 0x0000bb78, Max: 0x00100000, ABSOLUTE)

    Execution Region ER_IROM1 (Base: 0x08000000, Size: 0x0000ba90, Max: 0x00100000, ABSOLUTE)

    Base Addr    Size         Type   Attr      Idx    E Section Name        Object

    0x08000000   0x00000188   Data   RO          957    RESET               startup_stm32f407xx.o
    0x08000188   0x00000000   Code   RO         2256  * .ARM.Collect$$$$00000000  mc_w.l(entry.o)
    0x08000188   0x00000004   Code   RO         2600    .ARM.Collect$$$$00000001  mc_w.l(entry2.o)
    0x0800018c   0x00000004   Code   RO         2603    .ARM.Collect$$$$00000004  mc_w.l(entry5.o)
    0x08000190   0x00000000   Code   RO         2605    .ARM.Collect$$$$00000008  mc_w.l(entry7b.o)
    0x08000190   0x00000000   Code   RO         2607    .ARM.Collect$$$$0000000A  mc_w.l(entry8b.o)
    0x08000190   0x00000000   Code   RO         2608    .ARM.Collect$$$$0000000D  mc_w.l(entry10a.o)
    0x08000190   0x00000000   Code   RO         2610    .ARM.Collect$$$$0000000F  mc_w.l(entry11a.o)
    0x08000190   0x00000018   Code   RO          532    .ARM.Collect$$$$000000FF  rtx_conf_cm.o
    0x080001a8   0x00000004   Code   RO         2601    .ARM.Collect$$$$00002712  mc_w.l(entry2.o)
    0x080001ac   0x00000198   Code   RO         2199    .emb_text           RTX_CM4.lib(hal_cm4.o)
    0x08000344   0x00000108   Code   RO            4    .text               main.o
    0x0800044c   0x00000054   Code   RO          196    .text               accel_init.o
    0x080004a0   0x00000134   Code   RO          220    .text               gpio_init.o
    0x080005d4   0x00000062   Code   RO          241    .text               kalmanfilter_c.o
    0x08000636   0x00000002   PAD
    0x08000638   0x000001b0   Code   RO          357    .text               thread_temperature.o
    0x080007e8   0x00000070   Code   RO          387    .text               timer.o
    0x08000858   0x00000030   Code   RO          450    .text               stm32f4xx_it.o
    0x08000888   0x0000033c   Code   RO          477    .text               thread_angles.o
    0x08000bc4   0x000005c0   Code   RO          507    .text               lis3dsh.o
    0x08001184   0x00000026   Code   RO          533    .text               rtx_conf_cm.o
    0x080011aa   0x00000002   PAD
    0x080011ac   0x000001b0   Code   RO          564    .text               stm32f4xx_hal.o
    0x0800135c   0x0000099c   Code   RO          590    .text               stm32f4xx_hal_adc.o
    0x08001cf8   0x00000720   Code   RO          614    .text               stm32f4xx_hal_adc_ex.o
    0x08002418   0x00000324   Code   RO          638    .text               stm32f4xx_hal_cortex.o
    0x0800273c   0x00000618   Code   RO          666    .text               stm32f4xx_hal_dma.o
    0x08002d54   0x000003cc   Code   RO          715    .text               stm32f4xx_hal_gpio.o
    0x08003120   0x00000a4c   Code   RO          787    .text               stm32f4xx_hal_rcc.o
    0x08003b6c   0x00001598   Code   RO          838    .text               stm32f4xx_hal_spi.o
    0x08005104   0x00002800   Code   RO          862    .text               stm32f4xx_hal_tim.o
    0x08007904   0x00000d88   Code   RO          886    .text               stm32f4xx_hal_tim_ex.o
    0x0800868c   0x00000024   Code   RO          958    .text               startup_stm32f407xx.o
    0x080086b0   0x00000120   Code   RO          965    .text               system_stm32f4xx.o
    0x080087d0   0x00000024   Code   RO         2261    .text               mc_w.l(memcpya.o)
    0x080087f4   0x0000014e   Code   RO         2553    .text               mf_w.l(dadd.o)
    0x08008942   0x000000e4   Code   RO         2555    .text               mf_w.l(dmul.o)
    0x08008a26   0x00000026   Code   RO         2557    .text               mf_w.l(f2d.o)
    0x08008a4c   0x00000038   Code   RO         2559    .text               mf_w.l(d2f.o)
    0x08008a84   0x0000001e   Code   RO         2617    .text               mc_w.l(llshl.o)
    0x08008aa2   0x00000020   Code   RO         2619    .text               mc_w.l(llushr.o)
    0x08008ac2   0x00000024   Code   RO         2621    .text               mc_w.l(llsshr.o)
    0x08008ae6   0x00000000   Code   RO         2634    .text               mc_w.l(iusefp.o)
    0x08008ae6   0x0000006e   Code   RO         2635    .text               mf_w.l(fepilogue.o)
    0x08008b54   0x000000ba   Code   RO         2637    .text               mf_w.l(depilogue.o)
    0x08008c0e   0x000000de   Code   RO         2639    .text               mf_w.l(ddiv.o)
    0x08008cec   0x0000002e   Code   RO         2643    .text               mf_w.l(dscalb.o)
    0x08008d1a   0x000000a2   Code   RO         2645    .text               mf_w.l(dsqrt.o)
    0x08008dbc   0x00000022   Code   RO         2647    .text               mf_w.l(dflti.o)
    0x08008dde   0x00000002   PAD
    0x08008de0   0x00000030   Code   RO         2653    .text               mf_w.l(cdrcmple.o)
    0x08008e10   0x00000024   Code   RO         2655    .text               mc_w.l(init.o)
    0x08008e34   0x00000000   Code   RO         2657    .text               mc_w.l(semi.o)
    0x08008e34   0x00000000   Code   RO         2666    .text               mc_w.l(iusesemip.o)
    0x08008e34   0x00000004   Code   RO         2209    SVC_TABLE           RTX_CM4.lib(svc_table.o)
    0x08008e38   0x00000010   Code   RO         2266    i.__0printf$bare    mc_w.l(printfb.o)
    0x08008e48   0x00000030   Code   RO         2595    i.__ARM_fpclassify  m_wm.l(fpclassify.o)
    0x08008e78   0x000002d8   Code   RO         2561    i.__hardfp_atan     m_wm.l(atan.o)
    0x08009150   0x000001f0   Code   RO         2212    i.__hardfp_atan2    m_wm.l(atan2.o)
    0x08009340   0x00000c38   Code   RO         2230    i.__hardfp_pow      m_wm.l(pow.o)
    0x08009f78   0x0000007a   Code   RO         2244    i.__hardfp_sqrt     m_wm.l(sqrt.o)
    0x08009ff2   0x000000f8   Code   RO         2597    i.__kernel_poly     m_wm.l(poly.o)
    0x0800a0ea   0x00000006   PAD
    0x0800a0f0   0x00000030   Code   RO         2575    i.__mathlib_dbl_divzero  m_wm.l(dunder.o)
    0x0800a120   0x00000014   Code   RO         2576    i.__mathlib_dbl_infnan  m_wm.l(dunder.o)
    0x0800a134   0x00000014   Code   RO         2577    i.__mathlib_dbl_infnan2  m_wm.l(dunder.o)
    0x0800a148   0x00000020   Code   RO         2578    i.__mathlib_dbl_invalid  m_wm.l(dunder.o)
    0x0800a168   0x00000020   Code   RO         2579    i.__mathlib_dbl_overflow  m_wm.l(dunder.o)
    0x0800a188   0x00000020   Code   RO         2581    i.__mathlib_dbl_underflow  m_wm.l(dunder.o)
    0x0800a1a8   0x0000000e   Code   RO         2674    i.__scatterload_copy  mc_w.l(handlers.o)
    0x0800a1b6   0x00000002   Code   RO         2675    i.__scatterload_null  mc_w.l(handlers.o)
    0x0800a1b8   0x0000000e   Code   RO         2676    i.__scatterload_zeroinit  mc_w.l(handlers.o)
    0x0800a1c6   0x00000002   PAD
    0x0800a1c8   0x0000000c   Code   RO         2627    i.__set_errno       mc_w.l(errno.o)
    0x0800a1d4   0x00000046   Code   RO         2072    i._init_box         RTX_CM4.lib(rt_membox.o)
    0x0800a21a   0x00000022   Code   RO         2273    i._printf_core      mc_w.l(printfb.o)
    0x0800a23c   0x00000010   Code   RO         2563    i.atan              m_wm.l(atan.o)
    0x0800a24c   0x00000030   Code   RO         2125    i.dbg_init          RTX_CM4.lib(hal_cm.o)
    0x0800a27c   0x00000020   Code   RO         2126    i.dbg_task_notify   RTX_CM4.lib(hal_cm.o)
    0x0800a29c   0x00000010   Code   RO         2127    i.dbg_task_switch   RTX_CM4.lib(hal_cm.o)
    0x0800a2ac   0x00000018   Code   RO         2591    i.fabs              m_wm.l(fabs.o)
    0x0800a2c4   0x00000012   Code   RO         2612    i.fputc             mc_w.l(fputc.o)
    0x0800a2d6   0x0000002a   Code   RO          996    i.isrMessageGet     RTX_CM4.lib(rt_cmsis.o)
    0x0800a300   0x0000002c   Code   RO          997    i.isrMessagePut     RTX_CM4.lib(rt_cmsis.o)
    0x0800a32c   0x00000024   Code   RO          999    i.isrSignalSet      RTX_CM4.lib(rt_cmsis.o)
    0x0800a350   0x00000028   Code   RO         1829    i.isr_evt_set       RTX_CM4.lib(rt_event.o)
    0x0800a378   0x00000052   Code   RO         1951    i.isr_mbx_receive   RTX_CM4.lib(rt_mailbox.o)
    0x0800a3ca   0x0000000e   Code   RO         1952    i.isr_mbx_send      RTX_CM4.lib(rt_mailbox.o)
    0x0800a3d8   0x0000006c   Code   RO         2526    i.malloc            mc_w.l(malloc.o)
    0x0800a444   0x00000024   Code   RO         1001    i.osKernelInitialize  RTX_CM4.lib(rt_cmsis.o)
    0x0800a468   0x0000006c   Code   RO         1003    i.osKernelStart     RTX_CM4.lib(rt_cmsis.o)
    0x0800a4d4   0x00000018   Code   RO         1012    i.osMessageGet      RTX_CM4.lib(rt_cmsis.o)
    0x0800a4ec   0x00000030   Code   RO         1014    i.osMutexCreate     RTX_CM4.lib(rt_cmsis.o)
    0x0800a51c   0x00000018   Code   RO         1016    i.osMutexRelease    RTX_CM4.lib(rt_cmsis.o)
    0x0800a534   0x00000018   Code   RO         1017    i.osMutexWait       RTX_CM4.lib(rt_cmsis.o)
    0x0800a54c   0x00000018   Code   RO         1026    i.osSignalClear     RTX_CM4.lib(rt_cmsis.o)
    0x0800a564   0x00000018   Code   RO         1027    i.osSignalSet       RTX_CM4.lib(rt_cmsis.o)
    0x0800a57c   0x00000018   Code   RO         1028    i.osSignalWait      RTX_CM4.lib(rt_cmsis.o)
    0x0800a594   0x00000030   Code   RO         1029    i.osThreadCreate    RTX_CM4.lib(rt_cmsis.o)
    0x0800a5c4   0x00000018   Code   RO         1030    i.osThreadExit      RTX_CM4.lib(rt_cmsis.o)
    0x0800a5dc   0x0000000c   Code   RO         1036    i.osTimerCall       RTX_CM4.lib(rt_cmsis.o)
    0x0800a5e8   0x0000002c   Code   RO         1041    i.osTimerThread     RTX_CM4.lib(rt_cmsis.o)
    0x0800a614   0x00000028   Code   RO         1739    i.os_tick_init      RTX_CM4.lib(rt_system.o)
    0x0800a63c   0x00000002   Code   RO         1740    i.os_tick_irqack    RTX_CM4.lib(rt_system.o)
    0x0800a63e   0x0000001a   Code   RO         2073    i.rt_alloc_box      RTX_CM4.lib(rt_membox.o)
    0x0800a658   0x0000003e   Code   RO         2101    i.rt_alloc_mem      RTX_CM4.lib(rt_memory.o)
    0x0800a696   0x00000002   PAD
    0x0800a698   0x00000038   Code   RO         1654    i.rt_block          RTX_CM4.lib(rt_task.o)
    0x0800a6d0   0x00000048   Code   RO         2178    i.rt_chk_robin      RTX_CM4.lib(rt_robin.o)
    0x0800a718   0x00000070   Code   RO         1875    i.rt_dec_dly        RTX_CM4.lib(rt_list.o)
    0x0800a788   0x00000044   Code   RO         1655    i.rt_dispatch       RTX_CM4.lib(rt_task.o)
    0x0800a7cc   0x0000001c   Code   RO         1830    i.rt_evt_clr        RTX_CM4.lib(rt_event.o)
    0x0800a7e8   0x00000050   Code   RO         1832    i.rt_evt_psh        RTX_CM4.lib(rt_event.o)
    0x0800a838   0x0000005c   Code   RO         1833    i.rt_evt_set        RTX_CM4.lib(rt_event.o)
    0x0800a894   0x0000003c   Code   RO         1834    i.rt_evt_wait       RTX_CM4.lib(rt_event.o)
    0x0800a8d0   0x0000002c   Code   RO         2074    i.rt_free_box       RTX_CM4.lib(rt_membox.o)
    0x0800a8fc   0x00000028   Code   RO         2102    i.rt_free_mem       RTX_CM4.lib(rt_memory.o)
    0x0800a924   0x00000028   Code   RO         1876    i.rt_get_first      RTX_CM4.lib(rt_list.o)
    0x0800a94c   0x00000008   Code   RO         1046    i.rt_id2obj         RTX_CM4.lib(rt_cmsis.o)
    0x0800a954   0x00000048   Code   RO         1656    i.rt_init_context   RTX_CM4.lib(rt_task.o)
    0x0800a99c   0x0000001a   Code   RO         2103    i.rt_init_mem       RTX_CM4.lib(rt_memory.o)
    0x0800a9b6   0x00000002   PAD
    0x0800a9b8   0x00000018   Code   RO         2179    i.rt_init_robin     RTX_CM4.lib(rt_robin.o)
    0x0800a9d0   0x00000080   Code   RO         2128    i.rt_init_stack     RTX_CM4.lib(hal_cm.o)
    0x0800aa50   0x00000008   Code   RO         1953    i.rt_mbx_check      RTX_CM4.lib(rt_mailbox.o)
    0x0800aa58   0x0000001a   Code   RO         1954    i.rt_mbx_init       RTX_CM4.lib(rt_mailbox.o)
    0x0800aa72   0x00000002   PAD
    0x0800aa74   0x000000f0   Code   RO         1955    i.rt_mbx_psh        RTX_CM4.lib(rt_mailbox.o)
    0x0800ab64   0x000000b4   Code   RO         1957    i.rt_mbx_wait       RTX_CM4.lib(rt_mailbox.o)
    0x0800ac18   0x00000044   Code   RO         1047    i.rt_ms2tick        RTX_CM4.lib(rt_cmsis.o)
    0x0800ac5c   0x00000010   Code   RO         2042    i.rt_mut_init       RTX_CM4.lib(rt_mutex.o)
    0x0800ac6c   0x000000d8   Code   RO         2043    i.rt_mut_release    RTX_CM4.lib(rt_mutex.o)
    0x0800ad44   0x00000068   Code   RO         2044    i.rt_mut_wait       RTX_CM4.lib(rt_mutex.o)
    0x0800adac   0x0000007c   Code   RO         1743    i.rt_pop_req        RTX_CM4.lib(rt_system.o)
    0x0800ae28   0x00000020   Code   RO         1744    i.rt_psh_req        RTX_CM4.lib(rt_system.o)
    0x0800ae48   0x0000005c   Code   RO         1878    i.rt_psq_enq        RTX_CM4.lib(rt_list.o)
    0x0800aea4   0x00000048   Code   RO         1879    i.rt_put_dly        RTX_CM4.lib(rt_list.o)
    0x0800aeec   0x00000036   Code   RO         1880    i.rt_put_prio       RTX_CM4.lib(rt_list.o)
    0x0800af22   0x00000002   PAD
    0x0800af24   0x00000014   Code   RO         1881    i.rt_put_rdy_first  RTX_CM4.lib(rt_list.o)
    0x0800af38   0x00000034   Code   RO         1882    i.rt_resort_prio    RTX_CM4.lib(rt_list.o)
    0x0800af6c   0x00000010   Code   RO         2129    i.rt_ret_regs       RTX_CM4.lib(hal_cm.o)
    0x0800af7c   0x0000000c   Code   RO         2130    i.rt_ret_val        RTX_CM4.lib(hal_cm.o)
    0x0800af88   0x00000010   Code   RO         2131    i.rt_ret_val2       RTX_CM4.lib(hal_cm.o)
    0x0800af98   0x00000028   Code   RO         1883    i.rt_rmv_dly        RTX_CM4.lib(rt_list.o)
    0x0800afc0   0x00000030   Code   RO         1884    i.rt_rmv_list       RTX_CM4.lib(rt_list.o)
    0x0800aff0   0x00000034   Code   RO         2002    i.rt_sem_psh        RTX_CM4.lib(rt_semaphore.o)
    0x0800b024   0x00000024   Code   RO         1746    i.rt_stk_check      RTX_CM4.lib(rt_system.o)
    0x0800b048   0x00000028   Code   RO         1657    i.rt_switch_req     RTX_CM4.lib(rt_task.o)
    0x0800b070   0x000000cc   Code   RO         1658    i.rt_sys_init       RTX_CM4.lib(rt_task.o)
    0x0800b13c   0x00000078   Code   RO         1659    i.rt_sys_start      RTX_CM4.lib(rt_task.o)
    0x0800b1b4   0x00000040   Code   RO         1748    i.rt_systick        RTX_CM4.lib(rt_system.o)
    0x0800b1f4   0x00000012   Code   RO         1048    i.rt_tid2ptcb       RTX_CM4.lib(rt_cmsis.o)
    0x0800b206   0x00000002   PAD
    0x0800b208   0x00000034   Code   RO         1049    i.rt_timer_insert   RTX_CM4.lib(rt_cmsis.o)
    0x0800b23c   0x00000088   Code   RO         1660    i.rt_tsk_create     RTX_CM4.lib(rt_task.o)
    0x0800b2c4   0x0000017c   Code   RO         1661    i.rt_tsk_delete     RTX_CM4.lib(rt_task.o)
    0x0800b440   0x0000007c   Code   RO         1663    i.rt_tsk_prio       RTX_CM4.lib(rt_task.o)
    0x0800b4bc   0x00000010   Code   RO         1664    i.rt_tsk_self       RTX_CM4.lib(rt_task.o)
    0x0800b4cc   0x0000006e   Code   RO         2246    i.sqrt              m_wm.l(sqrt.o)
    0x0800b53a   0x00000002   PAD
    0x0800b53c   0x00000070   Code   RO         1052    i.svcKernelInitialize  RTX_CM4.lib(rt_cmsis.o)
    0x0800b5ac   0x00000048   Code   RO         1054    i.svcKernelStart    RTX_CM4.lib(rt_cmsis.o)
    0x0800b5f4   0x00000024   Code   RO         1057    i.svcMessageCreate  RTX_CM4.lib(rt_cmsis.o)
    0x0800b618   0x0000003a   Code   RO         1058    i.svcMessageGet     RTX_CM4.lib(rt_cmsis.o)
    0x0800b652   0x0000001c   Code   RO         1060    i.svcMutexCreate    RTX_CM4.lib(rt_cmsis.o)
    0x0800b66e   0x00000022   Code   RO         1062    i.svcMutexRelease   RTX_CM4.lib(rt_cmsis.o)
    0x0800b690   0x00000036   Code   RO         1063    i.svcMutexWait      RTX_CM4.lib(rt_cmsis.o)
    0x0800b6c6   0x00000024   Code   RO         1069    i.svcSignalClear    RTX_CM4.lib(rt_cmsis.o)
    0x0800b6ea   0x00000024   Code   RO         1070    i.svcSignalSet      RTX_CM4.lib(rt_cmsis.o)
    0x0800b70e   0x00000002   PAD
    0x0800b710   0x00000054   Code   RO         1071    i.svcSignalWait     RTX_CM4.lib(rt_cmsis.o)
    0x0800b764   0x00000070   Code   RO         1072    i.svcThreadCreate   RTX_CM4.lib(rt_cmsis.o)
    0x0800b7d4   0x0000001c   Code   RO         1073    i.svcThreadGetId    RTX_CM4.lib(rt_cmsis.o)
    0x0800b7f0   0x00000038   Code   RO         1076    i.svcThreadTerminate  RTX_CM4.lib(rt_cmsis.o)
    0x0800b828   0x00000018   Code   RO         1078    i.svcTimerCall      RTX_CM4.lib(rt_cmsis.o)
    0x0800b840   0x0000005c   Code   RO         1087    i.sysTimerTick      RTX_CM4.lib(rt_cmsis.o)
    0x0800b89c   0x00000014   Data   RO          359    .constdata          thread_temperature.o
    0x0800b8b0   0x00000018   Data   RO          479    .constdata          thread_angles.o
    0x0800b8c8   0x00000056   Data   RO          535    .constdata          rtx_conf_cm.o
    0x0800b91e   0x00000008   Data   RO          667    .constdata          stm32f4xx_hal_dma.o
    0x0800b926   0x00000010   Data   RO          788    .constdata          stm32f4xx_hal_rcc.o
    0x0800b936   0x00000010   Data   RO          966    .constdata          system_stm32f4xx.o
    0x0800b946   0x00000002   PAD
    0x0800b948   0x00000088   Data   RO         2233    .constdata          m_wm.l(pow.o)
    0x0800b9d0   0x00000098   Data   RO         2564    .constdata          m_wm.l(atan.o)
    0x0800ba68   0x00000008   Data   RO         2599    .constdata          m_wm.l(qnan.o)
    0x0800ba70   0x00000020   Data   RO         2672    Region$$Table       anon$$obj.o


    Execution Region RW_IRAM1 (Base: 0x20000000, Size: 0x00001c98, Max: 0x00020000, ABSOLUTE)

    Base Addr    Size         Type   Attr      Idx    E Section Name        Object

    0x20000000   0x00000010   Data   RW            5    .data               main.o
    0x20000010   0x0000002c   Data   RW          360    .data               thread_temperature.o
    0x2000003c   0x00000048   Data   RW          480    .data               thread_angles.o
    0x20000084   0x00000004   Data   RW          509    .data               lis3dsh.o
    0x20000088   0x00000020   Data   RW          536    .data               rtx_conf_cm.o
    0x200000a8   0x00000004   Data   RW          565    .data               stm32f4xx_hal.o
    0x200000ac   0x00000004   Data   RW          967    .data               system_stm32f4xx.o
    0x200000b0   0x00000008   Data   RW         1090    .data               RTX_CM4.lib(rt_cmsis.o)
    0x200000b8   0x00000004   Data   RW         1625    .data               RTX_CM4.lib(rt_time.o)
    0x200000bc   0x00000008   Data   RW         1666    .data               RTX_CM4.lib(rt_task.o)
    0x200000c4   0x00000008   Data   RW         1751    .data               RTX_CM4.lib(rt_system.o)
    0x200000cc   0x00000001   Data   RW         2132    .data               RTX_CM4.lib(hal_cm.o)
    0x200000cd   0x00000003   PAD
    0x200000d0   0x00000008   Data   RW         2180    .data               RTX_CM4.lib(rt_robin.o)
    0x200000d8   0x00000004   Data   RW         2614    .data               mc_w.l(stdout.o)
    0x200000dc   0x00000004   Data   RW         2623    .data               mc_w.l(mvars.o)
    0x200000e0   0x00000004   Data   RW         2624    .data               mc_w.l(mvars.o)
    0x200000e4   0x00000004   Data   RW         2628    .data               mc_w.l(errno.o)
    0x200000e8   0x000000ec   Zero   RW          358    .bss                thread_temperature.o
    0x200001d4   0x00000020   Zero   RW          478    .bss                thread_angles.o
    0x200001f4   0x00000058   Zero   RW          508    .bss                lis3dsh.o
    0x2000024c   0x00000004   PAD
    0x20000250   0x000013e0   Zero   RW          534    .bss                rtx_conf_cm.o
    0x20001630   0x00000034   Zero   RW         1665    .bss                RTX_CM4.lib(rt_task.o)
    0x20001664   0x00000030   Zero   RW         1885    .bss                RTX_CM4.lib(rt_list.o)
    0x20001694   0x00000004   PAD
    0x20001698   0x00000200   Zero   RW          956    HEAP                startup_stm32f407xx.o
    0x20001898   0x00000400   Zero   RW          955    STACK               startup_stm32f407xx.o


==============================================================================

Image component sizes


      Code (inc. data)   RO Data    RW Data    ZI Data      Debug   Object Name

        84          0          0          0          0        593   accel_init.o
       308         30          0          0          0       1152   gpio_init.o
        98          0          0          0          0        845   kalmanfilter_c.o
      1472        120          0          4         88       4877   lis3dsh.o
       264         24          0         16          0     404251   main.o
        62          6         86         32       5088       7330   rtx_conf_cm.o
        36          8        392          0       1536        840   startup_stm32f407xx.o
       432         26          0          4          0       4990   stm32f4xx_hal.o
      2460         70          0          0          0       7575   stm32f4xx_hal_adc.o
      1824         40          0          0          0       5694   stm32f4xx_hal_adc_ex.o
       804         20          0          0          0      32311   stm32f4xx_hal_cortex.o
      1560         16          8          0          0       5016   stm32f4xx_hal_dma.o
       972         50          0          0          0       3835   stm32f4xx_hal_gpio.o
      2636         66         16          0          0       5742   stm32f4xx_hal_rcc.o
      5528         54          0          0          0      13284   stm32f4xx_hal_spi.o
     10240        152          0          0          0      31026   stm32f4xx_hal_tim.o
      3464         26          0          0          0      11826   stm32f4xx_hal_tim_ex.o
        48          6          0          0          0       1296   stm32f4xx_it.o
       288         32         16          4          0       1579   system_stm32f4xx.o
       828         94         24         72         32       2317   thread_angles.o
       432         86         20         44        236       2523   thread_temperature.o
       112          8          0          0          0        940   timer.o

    ----------------------------------------------------------------------
     33956        934        596        176       6984     549842   Object Totals
         0          0         32          0          0          0   (incl. Generated)
         4          0          2          0          4          0   (incl. Padding)

    ----------------------------------------------------------------------

      Code (inc. data)   RO Data    RW Data    ZI Data      Debug   Library Member Name

       268         24          0          1          0       4452   hal_cm.o
       408         34          0          0          0        816   hal_cm4.o
      1594        182          0          8          0      42830   rt_cmsis.o
       300         24          0          0          0       3383   rt_event.o
       530         34          0          0         48       8597   rt_list.o
       550         10          0          0          0       4185   rt_mailbox.o
       140          0          0          0          0       2045   rt_membox.o
       128          0          0          0          0       2419   rt_memory.o
       336         12          0          0          0       2201   rt_mutex.o
        96         22          0          8          0       1230   rt_robin.o
        52          4          0          0          0        613   rt_semaphore.o
       298         52          0          8          0       6439   rt_system.o
      1216        174          0          8         52      10025   rt_task.o
         0          0          0          4          0        206   rt_time.o
         4          4          0          0          0        200   svc_table.o
       744        106        152          0          0        352   atan.o
       496         64          0          0          0        192   atan2.o
       184         44          0          0          0        744   dunder.o
        24          0          0          0          0        124   fabs.o
        48          0          0          0          0        124   fpclassify.o
       248          0          0          0          0        152   poly.o
      3128        302        136          0          0        356   pow.o
         0          0          8          0          0          0   qnan.o
       232          0          0          0          0        296   sqrt.o
         0          0          0          0          0          0   entry.o
         0          0          0          0          0          0   entry10a.o
         0          0          0          0          0          0   entry11a.o
         8          4          0          0          0          0   entry2.o
         4          0          0          0          0          0   entry5.o
         0          0          0          0          0          0   entry7b.o
         0          0          0          0          0          0   entry8b.o
        12          6          0          4          0         68   errno.o
        18          0          0          0          0         80   fputc.o
        30          0          0          0          0          0   handlers.o
        36          8          0          0          0         68   init.o
         0          0          0          0          0          0   iusefp.o
         0          0          0          0          0          0   iusesemip.o
        30          0          0          0          0         68   llshl.o
        36          0          0          0          0         68   llsshr.o
        32          0          0          0          0         68   llushr.o
       108         16          0          0          0         84   malloc.o
        36          0          0          0          0         68   memcpya.o
         0          0          0          8          0          0   mvars.o
        50          8          0          0          0        152   printfb.o
         0          0          0          0          0          0   semi.o
         0          0          0          4          0          0   stdout.o
        48          0          0          0          0         68   cdrcmple.o
        56          0          0          0          0         88   d2f.o
       334          0          0          0          0        148   dadd.o
       222          0          0          0          0        100   ddiv.o
       186          0          0          0          0        176   depilogue.o
        34          0          0          0          0         76   dflti.o
       228          0          0          0          0         96   dmul.o
        46          0          0          0          0         80   dscalb.o
       162          0          0          0          0        100   dsqrt.o
        38          0          0          0          0         68   f2d.o
       110          0          0          0          0        168   fepilogue.o

    ----------------------------------------------------------------------
     12912       1134        296         56        104      93873   Library Totals
        24          0          0          3          4          0   (incl. Padding)

    ----------------------------------------------------------------------

      Code (inc. data)   RO Data    RW Data    ZI Data      Debug   Library Name

      5920        576          0         37        100      89641   RTX_CM4.lib
      5104        516        296          0          0       2340   m_wm.l
       400         42          0         16          0        724   mc_w.l
      1464          0          0          0          0       1168   mf_w.l

    ----------------------------------------------------------------------
     12912       1134        296         56        104      93873   Library Totals

    ----------------------------------------------------------------------

==============================================================================


      Code (inc. data)   RO Data    RW Data    ZI Data      Debug   

     46868       2068        892        232       7088     627983   Grand Totals
     46868       2068        892        232       7088     627983   ELF Image Totals
     46868       2068        892        232          0          0   ROM Totals

==============================================================================

    Total RO  Size (Code + RO Data)                47760 (  46.64kB)
    Total RW  Size (RW Data + ZI Data)              7320 (   7.15kB)
    Total ROM Size (Code + RO Data + RW Data)      47992 (  46.87kB)

==============================================================================

